Archive member included to satisfy reference by file (symbol)

D:/STM32CubeIDE/STM32CubeIDE_1.16.0/STM32CubeIDE/plugins/com.st.stm32cube.ide.mcu.externaltools.gnu-tools-for-stm32.12.3.rel1.win32_1.0.200.202406191623/tools/bin/../lib/gcc/arm-none-eabi/12.3.1/../../../../arm-none-eabi/lib/thumb/v7-m/nofp\libc_nano.a(libc_a-exit.o)
                              D:/STM32CubeIDE/STM32CubeIDE_1.16.0/STM32CubeIDE/plugins/com.st.stm32cube.ide.mcu.externaltools.gnu-tools-for-stm32.12.3.rel1.win32_1.0.200.202406191623/tools/bin/../lib/gcc/arm-none-eabi/12.3.1/../../../../arm-none-eabi/lib/thumb/v7-m/nofp/crt0.o (exit)
D:/STM32CubeIDE/STM32CubeIDE_1.16.0/STM32CubeIDE/plugins/com.st.stm32cube.ide.mcu.externaltools.gnu-tools-for-stm32.12.3.rel1.win32_1.0.200.202406191623/tools/bin/../lib/gcc/arm-none-eabi/12.3.1/../../../../arm-none-eabi/lib/thumb/v7-m/nofp\libc_nano.a(libc_a-malloc.o)
                              ./Core/Src/scheduler.o (malloc)
D:/STM32CubeIDE/STM32CubeIDE_1.16.0/STM32CubeIDE/plugins/com.st.stm32cube.ide.mcu.externaltools.gnu-tools-for-stm32.12.3.rel1.win32_1.0.200.202406191623/tools/bin/../lib/gcc/arm-none-eabi/12.3.1/../../../../arm-none-eabi/lib/thumb/v7-m/nofp\libc_nano.a(libc_a-mallocr.o)
                              D:/STM32CubeIDE/STM32CubeIDE_1.16.0/STM32CubeIDE/plugins/com.st.stm32cube.ide.mcu.externaltools.gnu-tools-for-stm32.12.3.rel1.win32_1.0.200.202406191623/tools/bin/../lib/gcc/arm-none-eabi/12.3.1/../../../../arm-none-eabi/lib/thumb/v7-m/nofp\libc_nano.a(libc_a-malloc.o) (_malloc_r)
D:/STM32CubeIDE/STM32CubeIDE_1.16.0/STM32CubeIDE/plugins/com.st.stm32cube.ide.mcu.externaltools.gnu-tools-for-stm32.12.3.rel1.win32_1.0.200.202406191623/tools/bin/../lib/gcc/arm-none-eabi/12.3.1/../../../../arm-none-eabi/lib/thumb/v7-m/nofp\libc_nano.a(libc_a-mlock.o)
                              D:/STM32CubeIDE/STM32CubeIDE_1.16.0/STM32CubeIDE/plugins/com.st.stm32cube.ide.mcu.externaltools.gnu-tools-for-stm32.12.3.rel1.win32_1.0.200.202406191623/tools/bin/../lib/gcc/arm-none-eabi/12.3.1/../../../../arm-none-eabi/lib/thumb/v7-m/nofp\libc_nano.a(libc_a-mallocr.o) (__malloc_lock)
D:/STM32CubeIDE/STM32CubeIDE_1.16.0/STM32CubeIDE/plugins/com.st.stm32cube.ide.mcu.externaltools.gnu-tools-for-stm32.12.3.rel1.win32_1.0.200.202406191623/tools/bin/../lib/gcc/arm-none-eabi/12.3.1/../../../../arm-none-eabi/lib/thumb/v7-m/nofp\libc_nano.a(libc_a-findfp.o)
                              D:/STM32CubeIDE/STM32CubeIDE_1.16.0/STM32CubeIDE/plugins/com.st.stm32cube.ide.mcu.externaltools.gnu-tools-for-stm32.12.3.rel1.win32_1.0.200.202406191623/tools/bin/../lib/gcc/arm-none-eabi/12.3.1/../../../../arm-none-eabi/lib/thumb/v7-m/nofp\libc_nano.a(libc_a-exit.o) (__stdio_exit_handler)
D:/STM32CubeIDE/STM32CubeIDE_1.16.0/STM32CubeIDE/plugins/com.st.stm32cube.ide.mcu.externaltools.gnu-tools-for-stm32.12.3.rel1.win32_1.0.200.202406191623/tools/bin/../lib/gcc/arm-none-eabi/12.3.1/../../../../arm-none-eabi/lib/thumb/v7-m/nofp\libc_nano.a(libc_a-fwalk.o)
                              D:/STM32CubeIDE/STM32CubeIDE_1.16.0/STM32CubeIDE/plugins/com.st.stm32cube.ide.mcu.externaltools.gnu-tools-for-stm32.12.3.rel1.win32_1.0.200.202406191623/tools/bin/../lib/gcc/arm-none-eabi/12.3.1/../../../../arm-none-eabi/lib/thumb/v7-m/nofp\libc_nano.a(libc_a-findfp.o) (_fwalk_sglue)
D:/STM32CubeIDE/STM32CubeIDE_1.16.0/STM32CubeIDE/plugins/com.st.stm32cube.ide.mcu.externaltools.gnu-tools-for-stm32.12.3.rel1.win32_1.0.200.202406191623/tools/bin/../lib/gcc/arm-none-eabi/12.3.1/../../../../arm-none-eabi/lib/thumb/v7-m/nofp\libc_nano.a(libc_a-sprintf.o)
                              ./Core/Src/displayLCD.o (sprintf)
D:/STM32CubeIDE/STM32CubeIDE_1.16.0/STM32CubeIDE/plugins/com.st.stm32cube.ide.mcu.externaltools.gnu-tools-for-stm32.12.3.rel1.win32_1.0.200.202406191623/tools/bin/../lib/gcc/arm-none-eabi/12.3.1/../../../../arm-none-eabi/lib/thumb/v7-m/nofp\libc_nano.a(libc_a-stdio.o)
                              D:/STM32CubeIDE/STM32CubeIDE_1.16.0/STM32CubeIDE/plugins/com.st.stm32cube.ide.mcu.externaltools.gnu-tools-for-stm32.12.3.rel1.win32_1.0.200.202406191623/tools/bin/../lib/gcc/arm-none-eabi/12.3.1/../../../../arm-none-eabi/lib/thumb/v7-m/nofp\libc_nano.a(libc_a-findfp.o) (__sread)
D:/STM32CubeIDE/STM32CubeIDE_1.16.0/STM32CubeIDE/plugins/com.st.stm32cube.ide.mcu.externaltools.gnu-tools-for-stm32.12.3.rel1.win32_1.0.200.202406191623/tools/bin/../lib/gcc/arm-none-eabi/12.3.1/../../../../arm-none-eabi/lib/thumb/v7-m/nofp\libc_nano.a(libc_a-memset.o)
                              D:/STM32CubeIDE/STM32CubeIDE_1.16.0/STM32CubeIDE/plugins/com.st.stm32cube.ide.mcu.externaltools.gnu-tools-for-stm32.12.3.rel1.win32_1.0.200.202406191623/tools/bin/../lib/gcc/arm-none-eabi/12.3.1/../../../../arm-none-eabi/lib/thumb/v7-m/nofp/crt0.o (memset)
[...]
Memory Configuration

Name             Origin             Length             Attributes
RAM              0x20000000         0x00005000         xrw
FLASH            0x08000000         0x00020000         xr
*default*        0x00000000         0xffffffff

Linker script and memory map

LOAD D:/STM32CubeIDE/STM32CubeIDE_1.16.0/STM32CubeIDE/plugins/com.st.stm32cube.ide.mcu.externaltools.gnu-tools-for-stm32.12.3.rel1.win32_1.0.200.202406191623/tools/bin/../lib/gcc/arm-none-eabi/12.3.1/thumb/v7-m/nofp/crti.o
LOAD D:/STM32CubeIDE/STM32CubeIDE_1.16.0/STM32CubeIDE/plugins/com.st.stm32cube.ide.mcu.externaltools.gnu-tools-for-stm32.12.3.rel1.win32_1.0.200.202406191623/tools/bin/../lib/gcc/arm-none-eabi/12.3.1/thumb/v7-m/nofp/crtbegin.o
LOAD D:/STM32CubeIDE/STM32CubeIDE_1.16.0/STM32CubeIDE/plugins/com.st.stm32cube.ide.mcu.externaltools.gnu-tools-for-stm32.12.3.rel1.win32_1.0.200.202406191623/tools/bin/../lib/gcc/arm-none-eabi/12.3.1/../../../../arm-none-eabi/lib/thumb/v7-m/nofp/crt0.o
LOAD ./Core/Src/FSM_automatic.o
LOAD ./Core/Src/FSM_manual.o
LOAD ./Core/Src/button.o
LOAD ./Core/Src/displayLCD.o
LOAD ./Core/Src/global.o
LOAD ./Core/Src/i2c-lcd.o
LOAD ./Core/Src/main.o
LOAD ./Core/Src/scheduler.o
LOAD ./Core/Src/stm32f1xx_hal_msp.o
LOAD ./Core/Src/stm32f1xx_it.o
LOAD ./Core/Src/syscalls.o
LOAD ./Core/Src/sysmem.o
LOAD ./Core/Src/system_stm32f1xx.o
LOAD ./Core/Src/time_set.o
LOAD ./Core/Startup/startup_stm32f103rbtx.o
LOAD ./Drivers/STM32F1xx_HAL_Driver/Src/stm32f1xx_hal.o
LOAD ./Drivers/STM32F1xx_HAL_Driver/Src/stm32f1xx_hal_cortex.o
LOAD ./Drivers/STM32F1xx_HAL_Driver/Src/stm32f1xx_hal_dma.o
LOAD ./Drivers/STM32F1xx_HAL_Driver/Src/stm32f1xx_hal_exti.o
LOAD ./Drivers/STM32F1xx_HAL_Driver/Src/stm32f1xx_hal_flash.o
LOAD ./Drivers/STM32F1xx_HAL_Driver/Src/stm32f1xx_hal_flash_ex.o
LOAD ./Drivers/STM32F1xx_HAL_Driver/Src/stm32f1xx_hal_gpio.o
LOAD ./Drivers/STM32F1xx_HAL_Driver/Src/stm32f1xx_hal_gpio_ex.o
LOAD ./Drivers/STM32F1xx_HAL_Driver/Src/stm32f1xx_hal_i2c.o
LOAD ./Drivers/STM32F1xx_HAL_Driver/Src/stm32f1xx_hal_pwr.o
LOAD ./Drivers/STM32F1xx_HAL_Driver/Src/stm32f1xx_hal_rcc.o
LOAD ./Drivers/STM32F1xx_HAL_Driver/Src/stm32f1xx_hal_rcc_ex.o
LOAD ./Drivers/STM32F1xx_HAL_Driver/Src/stm32f1xx_hal_tim.o
LOAD ./Drivers/STM32F1xx_HAL_Driver/Src/stm32f1xx_hal_tim_ex.o
START GROUP
LOAD D:/STM32CubeIDE/STM32CubeIDE_1.16.0/STM32CubeIDE/plugins/com.st.stm32cube.ide.mcu.externaltools.gnu-tools-for-stm32.12.3.rel1.win32_1.0.200.202406191623/tools/bin/../lib/gcc/arm-none-eabi/12.3.1/../../../../arm-none-eabi/lib/thumb/v7-m/nofp\libc_nano.a
LOAD D:/STM32CubeIDE/STM32CubeIDE_1.16.0/STM32CubeIDE/plugins/com.st.stm32cube.ide.mcu.externaltools.gnu-tools-for-stm32.12.3.rel1.win32_1.0.200.202406191623/tools/bin/../lib/gcc/arm-none-eabi/12.3.1/../../../../arm-none-eabi/lib/thumb/v7-m/nofp\libm.a
END GROUP
START GROUP
LOAD D:/STM32CubeIDE/STM32CubeIDE_1.16.0/STM32CubeIDE/plugins/com.st.stm32cube.ide.mcu.externaltools.gnu-tools-for-stm32.12.3.rel1.win32_1.0.200.202406191623/tools/bin/../lib/gcc/arm-none-eabi/12.3.1/thumb/v7-m/nofp\libgcc.a
LOAD D:/STM32CubeIDE/STM32CubeIDE_1.16.0/STM32CubeIDE/plugins/com.st.stm32cube.ide.mcu.externaltools.gnu-tools-for-stm32.12.3.rel1.win32_1.0.200.202406191623/tools/bin/../lib/gcc/arm-none-eabi/12.3.1/../../../../arm-none-eabi/lib/thumb/v7-m/nofp\libc_nano.a
END GROUP
START GROUP
LOAD D:/STM32CubeIDE/STM32CubeIDE_1.16.0/STM32CubeIDE/plugins/com.st.stm32cube.ide.mcu.externaltools.gnu-tools-for-stm32.12.3.rel1.win32_1.0.200.202406191623/tools/bin/../lib/gcc/arm-none-eabi/12.3.1/thumb/v7-m/nofp\libgcc.a
LOAD D:/STM32CubeIDE/STM32CubeIDE_1.16.0/STM32CubeIDE/plugins/com.st.stm32cube.ide.mcu.externaltools.gnu-tools-for-stm32.12.3.rel1.win32_1.0.200.202406191623/tools/bin/../lib/gcc/arm-none-eabi/12.3.1/../../../../arm-none-eabi/lib/thumb/v7-m/nofp\libc_nano.a
LOAD D:/STM32CubeIDE/STM32CubeIDE_1.16.0/STM32CubeIDE/plugins/com.st.stm32cube.ide.mcu.externaltools.gnu-tools-for-stm32.12.3.rel1.win32_1.0.200.202406191623/tools/bin/../lib/gcc/arm-none-eabi/12.3.1/../../../../arm-none-eabi/lib/thumb/v7-m/nofp\libnosys.a
END GROUP
START GROUP
LOAD D:/STM32CubeIDE/STM32CubeIDE_1.16.0/STM32CubeIDE/plugins/com.st.stm32cube.ide.mcu.externaltools.gnu-tools-for-stm32.12.3.rel1.win32_1.0.200.202406191623/tools/bin/../lib/gcc/arm-none-eabi/12.3.1/thumb/v7-m/nofp\libgcc.a
LOAD D:/STM32CubeIDE/STM32CubeIDE_1.16.0/STM32CubeIDE/plugins/com.st.stm32cube.ide.mcu.externaltools.gnu-tools-for-stm32.12.3.rel1.win32_1.0.200.202406191623/tools/bin/../lib/gcc/arm-none-eabi/12.3.1/../../../../arm-none-eabi/lib/thumb/v7-m/nofp\libc_nano.a
LOAD D:/STM32CubeIDE/STM32CubeIDE_1.16.0/STM32CubeIDE/plugins/com.st.stm32cube.ide.mcu.externaltools.gnu-tools-for-stm32.12.3.rel1.win32_1.0.200.202406191623/tools/bin/../lib/gcc/arm-none-eabi/12.3.1/../../../../arm-none-eabi/lib/thumb/v7-m/nofp\libnosys.a
END GROUP
LOAD D:/STM32CubeIDE/STM32CubeIDE_1.16.0/STM32CubeIDE/plugins/com.st.stm32cube.ide.mcu.externaltools.gnu-tools-for-stm32.12.3.rel1.win32_1.0.200.202406191623/tools/bin/../lib/gcc/arm-none-eabi/12.3.1/thumb/v7-m/nofp/crtend.o
LOAD D:/STM32CubeIDE/STM32CubeIDE_1.16.0/STM32CubeIDE/plugins/com.st.stm32cube.ide.mcu.externaltools.gnu-tools-for-stm32.12.3.rel1.win32_1.0.200.202406191623/tools/bin/../lib/gcc/arm-none-eabi/12.3.1/thumb/v7-m/nofp/crtn.o
                0x20005000                        _estack = (ORIGIN (RAM) + LENGTH (RAM))
                0x00000200                        _Min_Heap_Size = 0x200
                0x00000400                        _Min_Stack_Size = 0x400

.isr_vector     0x08000000      0x10c
                0x08000000                        . = ALIGN (0x4)
 *(.isr_vector)
 .isr_vector    0x08000000      0x10c ./Core/Startup/startup_stm32f103rbtx.o
                0x08000000                g_pfnVectors
                0x0800010c                        . = ALIGN (0x4)

.text           0x0800010c     0x5a84
                0x0800010c                        . = ALIGN (0x4)
 *(.text)
 .text          0x0800010c       0x40 D:/STM32CubeIDE/STM32CubeIDE_1.16.0/STM32CubeIDE/plugins/com.st.stm32cube.ide.mcu.externaltools.gnu-tools-for-stm32.12.3.rel1.win32_1.0.200.202406191623/tools/bin/../lib/gcc/arm-none-eabi/12.3.1/thumb/v7-m/nofp/crtbegin.o
 *(.text*)
 .text.automaticRun
                0x0800014c      0x288 ./Core/Src/FSM_automatic.o
                0x0800014c                automaticRun
 .text.manual_run
                0x080003d4      0x358 ./Core/Src/FSM_manual.o
                0x080003d4                manual_run
 .text.pressProcess
                0x0800072c       0x30 ./Core/Src/button.o
                0x0800072c                pressProcess
 .text.holdProcess
                0x0800075c       0x30 ./Core/Src/button.o
                0x0800075c                holdProcess
 .text.normalProcess
                0x0800078c       0x30 ./Core/Src/button.o
                0x0800078c                normalProcess
 .text.buttonReading
                0x080007bc      0x30c ./Core/Src/button.o
                0x080007bc                buttonReading
 .text.isButtonPressed
                0x08000ac8       0x38 ./Core/Src/button.o
                0x08000ac8                isButtonPressed
 .text.isButtonHold
                0x08000b00       0x38 ./Core/Src/button.o
                0x08000b00                isButtonHold
 .text.automatic_display
                0x08000b38       0xe4 ./Core/Src/displayLCD.o
                0x08000b38                automatic_display
 .text.initial  0x08000c1c       0x48 ./Core/Src/global.o
                0x08000c1c                initial
 .text.lcd_send_cmd
                0x08000c64       0x60 ./Core/Src/i2c-lcd.o
                0x08000c64                lcd_send_cmd
 .text.lcd_send_data
                0x08000cc4       0x60 ./Core/Src/i2c-lcd.o
                0x08000cc4                lcd_send_data
 .text.lcd_put_cur
                0x08000d24       0x3e ./Core/Src/i2c-lcd.o
                0x08000d24                lcd_put_cur
 .text.lcd_init
                0x08000d62       0x74 ./Core/Src/i2c-lcd.o
                0x08000d62                lcd_init
 .text.lcd_send_string
                0x08000dd6       0x2a ./Core/Src/i2c-lcd.o
                0x08000dd6                lcd_send_string
 .text.main     0x08000e00       0xa8 ./Core/Src/main.o
                0x08000e00                main
 .text.SystemClock_Config
                0x08000ea8       0x76 ./Core/Src/main.o
                0x08000ea8                SystemClock_Config
 *fill*         0x08000f1e        0x2 
 .text.MX_I2C1_Init
                0x08000f20       0x5c ./Core/Src/main.o
 .text.MX_TIM2_Init
                0x08000f7c       0x98 ./Core/Src/main.o
 .text.MX_GPIO_Init
                0x08001014      0x104 ./Core/Src/main.o
 .text.HAL_TIM_PeriodElapsedCallback
                0x08001118       0x14 ./Core/Src/main.o
                0x08001118                HAL_TIM_PeriodElapsedCallback
 .text.Error_Handler
                0x0800112c        0xc ./Core/Src/main.o
                0x0800112c                Error_Handler
 .text.createNode
                0x08001138       0x46 ./Core/Src/scheduler.o
                0x08001138                createNode
 *fill*         0x0800117e        0x2 
 .text.SCH_init
                0x08001180       0x3c ./Core/Src/scheduler.o
                0x08001180                SCH_init
 .text.SCH_deleteHead
                0x080011bc       0x68 ./Core/Src/scheduler.o
                0x080011bc                SCH_deleteHead
 .text.SCH_addTask
                0x08001224       0xfc ./Core/Src/scheduler.o
                0x08001224                SCH_addTask
 .text.SCH_updateTask
                0x08001320       0x74 ./Core/Src/scheduler.o
                0x08001320                SCH_updateTask
 .text.SCH_dispatchTask
                0x08001394       0x5c ./Core/Src/scheduler.o
                0x08001394                SCH_dispatchTask
 .text.HAL_MspInit
                0x080013f0       0x64 ./Core/Src/stm32f1xx_hal_msp.o
                0x080013f0                HAL_MspInit
 .text.HAL_I2C_MspInit
                0x08001454       0xc0 ./Core/Src/stm32f1xx_hal_msp.o
                0x08001454                HAL_I2C_MspInit
 .text.HAL_TIM_Base_MspInit
                0x08001514       0x48 ./Core/Src/stm32f1xx_hal_msp.o
                0x08001514                HAL_TIM_Base_MspInit
 .text.NMI_Handler
                0x0800155c        0x8 ./Core/Src/stm32f1xx_it.o
                0x0800155c                NMI_Handler
 .text.HardFault_Handler
                0x08001564        0x8 ./Core/Src/stm32f1xx_it.o
                0x08001564                HardFault_Handler
 .text.MemManage_Handler
                0x0800156c        0x8 ./Core/Src/stm32f1xx_it.o
                0x0800156c                MemManage_Handler
 .text.BusFault_Handler
                0x08001574        0x8 ./Core/Src/stm32f1xx_it.o
                0x08001574                BusFault_Handler
 .text.UsageFault_Handler
                0x0800157c        0x8 ./Core/Src/stm32f1xx_it.o
                0x0800157c                UsageFault_Handler
 .text.SVC_Handler
                0x08001584        0xc ./Core/Src/stm32f1xx_it.o
                0x08001584                SVC_Handler
 .text.DebugMon_Handler
                0x08001590        0xc ./Core/Src/stm32f1xx_it.o
                0x08001590                DebugMon_Handler
 .text.PendSV_Handler
                0x0800159c        0xc ./Core/Src/stm32f1xx_it.o
                0x0800159c                PendSV_Handler
 .text.SysTick_Handler
                0x080015a8        0xc ./Core/Src/stm32f1xx_it.o
                0x080015a8                SysTick_Handler
 .text.TIM2_IRQHandler
                0x080015b4       0x14 ./Core/Src/stm32f1xx_it.o
                0x080015b4                TIM2_IRQHandler
 .text.I2C1_EV_IRQHandler
                0x080015c8       0x14 ./Core/Src/stm32f1xx_it.o
                0x080015c8                I2C1_EV_IRQHandler
 .text.I2C1_ER_IRQHandler
                0x080015dc       0x14 ./Core/Src/stm32f1xx_it.o
                0x080015dc                I2C1_ER_IRQHandler
 .text._sbrk    0x080015f0       0x6c ./Core/Src/sysmem.o
                0x080015f0                _sbrk
 .text.SystemInit
                0x0800165c        0xc ./Core/Src/system_stm32f1xx.o
                0x0800165c                SystemInit
 .text.setTimer
                0x08001668       0x40 ./Core/Src/time_set.o
                0x08001668                setTimer
 .text.runTimer
                0x080016a8       0x58 ./Core/Src/time_set.o
                0x080016a8                runTimer
 .text.Reset_Handler
                0x08001700       0x48 ./Core/Startup/startup_stm32f103rbtx.o
                0x08001700                Reset_Handler
 .text.Default_Handler
                0x08001748        0x2 ./Core/Startup/startup_stm32f103rbtx.o
                0x08001748                RTC_Alarm_IRQHandler
                0x08001748                EXTI2_IRQHandler
                0x08001748                TIM1_CC_IRQHandler
                0x08001748                PVD_IRQHandler
                0x08001748                EXTI3_IRQHandler
                0x08001748                EXTI0_IRQHandler
                0x08001748                I2C2_EV_IRQHandler
                0x08001748                ADC1_2_IRQHandler
                0x08001748                SPI1_IRQHandler
                0x08001748                TAMPER_IRQHandler
                0x08001748                DMA1_Channel4_IRQHandler
                0x08001748                USART3_IRQHandler
                0x08001748                RTC_IRQHandler
                0x08001748                DMA1_Channel7_IRQHandler
                0x08001748                CAN1_RX1_IRQHandler
                0x08001748                TIM4_IRQHandler
                0x08001748                DMA1_Channel6_IRQHandler
                0x08001748                TIM3_IRQHandler
                0x08001748                RCC_IRQHandler
                0x08001748                TIM1_TRG_COM_IRQHandler
                0x08001748                DMA1_Channel1_IRQHandler
                0x08001748                Default_Handler
                0x08001748                EXTI15_10_IRQHandler
                0x08001748                EXTI9_5_IRQHandler
                0x08001748                SPI2_IRQHandler
                0x08001748                DMA1_Channel5_IRQHandler
                0x08001748                EXTI4_IRQHandler
                0x08001748                USB_LP_CAN1_RX0_IRQHandler
                0x08001748                USB_HP_CAN1_TX_IRQHandler
                0x08001748                DMA1_Channel3_IRQHandler
                0x08001748                TIM1_UP_IRQHandler
                0x08001748                WWDG_IRQHandler
                0x08001748                TIM1_BRK_IRQHandler
                0x08001748                EXTI1_IRQHandler
                0x08001748                USART2_IRQHandler
                0x08001748                I2C2_ER_IRQHandler
                0x08001748                DMA1_Channel2_IRQHandler
                0x08001748                CAN1_SCE_IRQHandler
                0x08001748                FLASH_IRQHandler
                0x08001748                USART1_IRQHandler
                0x08001748                USBWakeUp_IRQHandler
 *fill*         0x0800174a        0x2 
 .text.HAL_Init
                0x0800174c       0x2c ./Drivers/STM32F1xx_HAL_Driver/Src/stm32f1xx_hal.o
                0x0800174c                HAL_Init
 .text.HAL_InitTick
                0x08001778       0x60 ./Drivers/STM32F1xx_HAL_Driver/Src/stm32f1xx_hal.o
                0x08001778                HAL_InitTick
 .text.HAL_IncTick
                0x080017d8       0x24 ./Drivers/STM32F1xx_HAL_Driver/Src/stm32f1xx_hal.o
                0x080017d8                HAL_IncTick
 .text.HAL_GetTick
                0x080017fc       0x14 ./Drivers/STM32F1xx_HAL_Driver/Src/stm32f1xx_hal.o
                0x080017fc                HAL_GetTick
 .text.HAL_Delay
                0x08001810       0x48 ./Drivers/STM32F1xx_HAL_Driver/Src/stm32f1xx_hal.o
                0x08001810                HAL_Delay
 .text.__NVIC_SetPriorityGrouping
                0x08001858       0x48 ./Drivers/STM32F1xx_HAL_Driver/Src/stm32f1xx_hal_cortex.o
 .text.__NVIC_GetPriorityGrouping
                0x080018a0       0x1c ./Drivers/STM32F1xx_HAL_Driver/Src/stm32f1xx_hal_cortex.o
 .text.__NVIC_EnableIRQ
                0x080018bc       0x38 ./Drivers/STM32F1xx_HAL_Driver/Src/stm32f1xx_hal_cortex.o
 .text.__NVIC_SetPriority
                0x080018f4       0x54 ./Drivers/STM32F1xx_HAL_Driver/Src/stm32f1xx_hal_cortex.o
 .text.NVIC_EncodePriority
                0x08001948       0x64 ./Drivers/STM32F1xx_HAL_Driver/Src/stm32f1xx_hal_cortex.o
 .text.SysTick_Config
                0x080019ac       0x44 ./Drivers/STM32F1xx_HAL_Driver/Src/stm32f1xx_hal_cortex.o
 .text.HAL_NVIC_SetPriorityGrouping
                0x080019f0       0x16 ./Drivers/STM32F1xx_HAL_Driver/Src/stm32f1xx_hal_cortex.o
                0x080019f0                HAL_NVIC_SetPriorityGrouping
 .text.HAL_NVIC_SetPriority
                0x08001a06       0x38 ./Drivers/STM32F1xx_HAL_Driver/Src/stm32f1xx_hal_cortex.o
                0x08001a06                HAL_NVIC_SetPriority
 .text.HAL_NVIC_EnableIRQ
                0x08001a3e       0x1c ./Drivers/STM32F1xx_HAL_Driver/Src/stm32f1xx_hal_cortex.o
                0x08001a3e                HAL_NVIC_EnableIRQ
 .text.HAL_SYSTICK_Config
                0x08001a5a       0x18 ./Drivers/STM32F1xx_HAL_Driver/Src/stm32f1xx_hal_cortex.o
                0x08001a5a                HAL_SYSTICK_Config
 *fill*         0x08001a72        0x2 
 .text.HAL_DMA_Abort_IT
                0x08001a74       0xf0 ./Drivers/STM32F1xx_HAL_Driver/Src/stm32f1xx_hal_dma.o
                0x08001a74                HAL_DMA_Abort_IT
 .text.HAL_DMA_GetState
                0x08001b64       0x1a ./Drivers/STM32F1xx_HAL_Driver/Src/stm32f1xx_hal_dma.o
                0x08001b64                HAL_DMA_GetState
 *fill*         0x08001b7e        0x2 
 .text.HAL_GPIO_Init
                0x08001b80      0x308 ./Drivers/STM32F1xx_HAL_Driver/Src/stm32f1xx_hal_gpio.o
                0x08001b80                HAL_GPIO_Init
 .text.HAL_GPIO_ReadPin
                0x08001e88       0x2e ./Drivers/STM32F1xx_HAL_Driver/Src/stm32f1xx_hal_gpio.o
                0x08001e88                HAL_GPIO_ReadPin
 .text.HAL_GPIO_WritePin
                0x08001eb6       0x30 ./Drivers/STM32F1xx_HAL_Driver/Src/stm32f1xx_hal_gpio.o
                0x08001eb6                HAL_GPIO_WritePin
 .text.HAL_GPIO_TogglePin
                0x08001ee6       0x32 ./Drivers/STM32F1xx_HAL_Driver/Src/stm32f1xx_hal_gpio.o
                0x08001ee6                HAL_GPIO_TogglePin
 .text.HAL_I2C_Init
                0x08001f18      0x288 ./Drivers/STM32F1xx_HAL_Driver/Src/stm32f1xx_hal_i2c.o
                0x08001f18                HAL_I2C_Init
 .text.I2C_Flush_DR
                0x080021a0       0x28 ./Drivers/STM32F1xx_HAL_Driver/Src/stm32f1xx_hal_i2c.o
 .text.HAL_I2C_Master_Transmit
                0x080021c8      0x1fc ./Drivers/STM32F1xx_HAL_Driver/Src/stm32f1xx_hal_i2c.o
                0x080021c8                HAL_I2C_Master_Transmit
 .text.HAL_I2C_EV_IRQHandler
                0x080023c4      0x2a6 ./Drivers/STM32F1xx_HAL_Driver/Src/stm32f1xx_hal_i2c.o
                0x080023c4                HAL_I2C_EV_IRQHandler
 .text.HAL_I2C_ER_IRQHandler
                0x0800266a      0x14e ./Drivers/STM32F1xx_HAL_Driver/Src/stm32f1xx_hal_i2c.o
                0x0800266a                HAL_I2C_ER_IRQHandler
 .text.HAL_I2C_MasterTxCpltCallback
                0x080027b8       0x12 ./Drivers/STM32F1xx_HAL_Driver/Src/stm32f1xx_hal_i2c.o
                0x080027b8                HAL_I2C_MasterTxCpltCallback
 .text.HAL_I2C_MasterRxCpltCallback
                0x080027ca       0x12 ./Drivers/STM32F1xx_HAL_Driver/Src/stm32f1xx_hal_i2c.o
                0x080027ca                HAL_I2C_MasterRxCpltCallback
 .text.HAL_I2C_SlaveTxCpltCallback
                0x080027dc       0x12 ./Drivers/STM32F1xx_HAL_Driver/Src/stm32f1xx_hal_i2c.o
                0x080027dc                HAL_I2C_SlaveTxCpltCallback
 .text.HAL_I2C_SlaveRxCpltCallback
                0x080027ee       0x12 ./Drivers/STM32F1xx_HAL_Driver/Src/stm32f1xx_hal_i2c.o
                0x080027ee                HAL_I2C_SlaveRxCpltCallback
 .text.HAL_I2C_AddrCallback
                0x08002800       0x1a ./Drivers/STM32F1xx_HAL_Driver/Src/stm32f1xx_hal_i2c.o
                0x08002800                HAL_I2C_AddrCallback
 .text.HAL_I2C_ListenCpltCallback
                0x0800281a       0x12 ./Drivers/STM32F1xx_HAL_Driver/Src/stm32f1xx_hal_i2c.o
                0x0800281a                HAL_I2C_ListenCpltCallback
 .text.HAL_I2C_MemTxCpltCallback
                0x0800282c       0x12 ./Drivers/STM32F1xx_HAL_Driver/Src/stm32f1xx_hal_i2c.o
                0x0800282c                HAL_I2C_MemTxCpltCallback
 .text.HAL_I2C_MemRxCpltCallback
                0x0800283e       0x12 ./Drivers/STM32F1xx_HAL_Driver/Src/stm32f1xx_hal_i2c.o
                0x0800283e                HAL_I2C_MemRxCpltCallback
 .text.HAL_I2C_ErrorCallback
                0x08002850       0x12 ./Drivers/STM32F1xx_HAL_Driver/Src/stm32f1xx_hal_i2c.o
                0x08002850                HAL_I2C_ErrorCallback
 .text.HAL_I2C_AbortCpltCallback
                0x08002862       0x12 ./Drivers/STM32F1xx_HAL_Driver/Src/stm32f1xx_hal_i2c.o
                0x08002862                HAL_I2C_AbortCpltCallback
 .text.I2C_MasterTransmit_TXE
                0x08002874      0x138 ./Drivers/STM32F1xx_HAL_Driver/Src/stm32f1xx_hal_i2c.o
 .text.I2C_MasterTransmit_BTF
                0x080029ac       0xec ./Drivers/STM32F1xx_HAL_Driver/Src/stm32f1xx_hal_i2c.o
 .text.I2C_MemoryTransmit_TXE_BTF
                0x08002a98      0x130 ./Drivers/STM32F1xx_HAL_Driver/Src/stm32f1xx_hal_i2c.o
 .text.I2C_MasterReceive_RXNE
                0x08002bc8      0x190 ./Drivers/STM32F1xx_HAL_Driver/Src/stm32f1xx_hal_i2c.o
 .text.I2C_MasterReceive_BTF
                0x08002d58      0x1e2 ./Drivers/STM32F1xx_HAL_Driver/Src/stm32f1xx_hal_i2c.o
 .text.I2C_Master_SB
                0x08002f3a      0x10a ./Drivers/STM32F1xx_HAL_Driver/Src/stm32f1xx_hal_i2c.o
 .text.I2C_Master_ADD10
                0x08003044       0x52 ./Drivers/STM32F1xx_HAL_Driver/Src/stm32f1xx_hal_i2c.o
 .text.I2C_Master_ADDR
                0x08003096      0x336 ./Drivers/STM32F1xx_HAL_Driver/Src/stm32f1xx_hal_i2c.o
 .text.I2C_SlaveTransmit_TXE
                0x080033cc       0x7a ./Drivers/STM32F1xx_HAL_Driver/Src/stm32f1xx_hal_i2c.o
 .text.I2C_SlaveTransmit_BTF
                0x08003446       0x40 ./Drivers/STM32F1xx_HAL_Driver/Src/stm32f1xx_hal_i2c.o
 .text.I2C_SlaveReceive_RXNE
                0x08003486       0x7c ./Drivers/STM32F1xx_HAL_Driver/Src/stm32f1xx_hal_i2c.o
 .text.I2C_SlaveReceive_BTF
                0x08003502       0x42 ./Drivers/STM32F1xx_HAL_Driver/Src/stm32f1xx_hal_i2c.o
 .text.I2C_Slave_ADDR
                0x08003544       0x90 ./Drivers/STM32F1xx_HAL_Driver/Src/stm32f1xx_hal_i2c.o
 .text.I2C_Slave_STOPF
                0x080035d4      0x260 ./Drivers/STM32F1xx_HAL_Driver/Src/stm32f1xx_hal_i2c.o
 .text.I2C_Slave_AF
                0x08003834       0xe8 ./Drivers/STM32F1xx_HAL_Driver/Src/stm32f1xx_hal_i2c.o
 .text.I2C_ITError
                0x0800391c      0x264 ./Drivers/STM32F1xx_HAL_Driver/Src/stm32f1xx_hal_i2c.o
 .text.I2C_MasterRequestWrite
                0x08003b80      0x104 ./Drivers/STM32F1xx_HAL_Driver/Src/stm32f1xx_hal_i2c.o
 .text.I2C_DMAAbort
                0x08003c84      0x150 ./Drivers/STM32F1xx_HAL_Driver/Src/stm32f1xx_hal_i2c.o
 .text.I2C_WaitOnFlagUntilTimeout
                0x08003dd4       0xf4 ./Drivers/STM32F1xx_HAL_Driver/Src/stm32f1xx_hal_i2c.o
 .text.I2C_WaitOnMasterAddressFlagUntilTimeout
                0x08003ec8      0x140 ./Drivers/STM32F1xx_HAL_Driver/Src/stm32f1xx_hal_i2c.o
 .text.I2C_WaitOnTXEFlagUntilTimeout
                0x08004008       0x90 ./Drivers/STM32F1xx_HAL_Driver/Src/stm32f1xx_hal_i2c.o
 .text.I2C_WaitOnBTFFlagUntilTimeout
                0x08004098       0x90 ./Drivers/STM32F1xx_HAL_Driver/Src/stm32f1xx_hal_i2c.o
 .text.I2C_WaitOnSTOPRequestThroughIT
                0x08004128       0x64 ./Drivers/STM32F1xx_HAL_Driver/Src/stm32f1xx_hal_i2c.o
 .text.I2C_IsAcknowledgeFailed
                0x0800418c       0x5c ./Drivers/STM32F1xx_HAL_Driver/Src/stm32f1xx_hal_i2c.o
 .text.I2C_ConvertOtherXferOptions
                0x080041e8       0x34 ./Drivers/STM32F1xx_HAL_Driver/Src/stm32f1xx_hal_i2c.o
 .text.HAL_RCC_OscConfig
                0x0800421c      0x504 ./Drivers/STM32F1xx_HAL_Driver/Src/stm32f1xx_hal_rcc.o
                0x0800421c                HAL_RCC_OscConfig
 .text.HAL_RCC_ClockConfig
                0x08004720      0x1d4 ./Drivers/STM32F1xx_HAL_Driver/Src/stm32f1xx_hal_rcc.o
                0x08004720                HAL_RCC_ClockConfig
 .text.HAL_RCC_GetSysClockFreq
                0x080048f4       0xa8 ./Drivers/STM32F1xx_HAL_Driver/Src/stm32f1xx_hal_rcc.o
                0x080048f4                HAL_RCC_GetSysClockFreq
 .text.HAL_RCC_GetHCLKFreq
                0x0800499c       0x14 ./Drivers/STM32F1xx_HAL_Driver/Src/stm32f1xx_hal_rcc.o
                0x0800499c                HAL_RCC_GetHCLKFreq
 .text.HAL_RCC_GetPCLK1Freq
                0x080049b0       0x28 ./Drivers/STM32F1xx_HAL_Driver/Src/stm32f1xx_hal_rcc.o
                0x080049b0                HAL_RCC_GetPCLK1Freq
 .text.RCC_Delay
                0x080049d8       0x3c ./Drivers/STM32F1xx_HAL_Driver/Src/stm32f1xx_hal_rcc.o
 .text.HAL_TIM_Base_Init
                0x08004a14       0x9e ./Drivers/STM32F1xx_HAL_Driver/Src/stm32f1xx_hal_tim.o
                0x08004a14                HAL_TIM_Base_Init
 *fill*         0x08004ab2        0x2 
 .text.HAL_TIM_Base_Start_IT
                0x08004ab4       0xa4 ./Drivers/STM32F1xx_HAL_Driver/Src/stm32f1xx_hal_tim.o
                0x08004ab4                HAL_TIM_Base_Start_IT
 .text.HAL_TIM_IRQHandler
                0x08004b58      0x1e0 ./Drivers/STM32F1xx_HAL_Driver/Src/stm32f1xx_hal_tim.o
                0x08004b58                HAL_TIM_IRQHandler
 .text.HAL_TIM_ConfigClockSource
                0x08004d38      0x18e ./Drivers/STM32F1xx_HAL_Driver/Src/stm32f1xx_hal_tim.o
                0x08004d38                HAL_TIM_ConfigClockSource
 .text.HAL_TIM_OC_DelayElapsedCallback
                0x08004ec6       0x12 ./Drivers/STM32F1xx_HAL_Driver/Src/stm32f1xx_hal_tim.o
                0x08004ec6                HAL_TIM_OC_DelayElapsedCallback
 .text.HAL_TIM_IC_CaptureCallback
                0x08004ed8       0x12 ./Drivers/STM32F1xx_HAL_Driver/Src/stm32f1xx_hal_tim.o
                0x08004ed8                HAL_TIM_IC_CaptureCallback
 .text.HAL_TIM_PWM_PulseFinishedCallback
                0x08004eea       0x12 ./Drivers/STM32F1xx_HAL_Driver/Src/stm32f1xx_hal_tim.o
                0x08004eea                HAL_TIM_PWM_PulseFinishedCallback
 .text.HAL_TIM_TriggerCallback
                0x08004efc       0x12 ./Drivers/STM32F1xx_HAL_Driver/Src/stm32f1xx_hal_tim.o
                0x08004efc                HAL_TIM_TriggerCallback
 *fill*         0x08004f0e        0x2 
 .text.TIM_Base_SetConfig
                0x08004f10       0xdc ./Drivers/STM32F1xx_HAL_Driver/Src/stm32f1xx_hal_tim.o
                0x08004f10                TIM_Base_SetConfig
 .text.TIM_TI1_ConfigInputStage
                0x08004fec       0x5c ./Drivers/STM32F1xx_HAL_Driver/Src/stm32f1xx_hal_tim.o
 .text.TIM_TI2_ConfigInputStage
                0x08005048       0x5e ./Drivers/STM32F1xx_HAL_Driver/Src/stm32f1xx_hal_tim.o
 .text.TIM_ITRx_SetConfig
                0x080050a6       0x34 ./Drivers/STM32F1xx_HAL_Driver/Src/stm32f1xx_hal_tim.o
 .text.TIM_ETR_SetConfig
                0x080050da       0x3e ./Drivers/STM32F1xx_HAL_Driver/Src/stm32f1xx_hal_tim.o
                0x080050da                TIM_ETR_SetConfig
 .text.HAL_TIMEx_MasterConfigSynchronization
                0x08005118       0xbc ./Drivers/STM32F1xx_HAL_Driver/Src/stm32f1xx_hal_tim_ex.o
                0x08005118                HAL_TIMEx_MasterConfigSynchronization
 .text.HAL_TIMEx_CommutCallback
                0x080051d4       0x12 ./Drivers/STM32F1xx_HAL_Driver/Src/stm32f1xx_hal_tim_ex.o
                0x080051d4                HAL_TIMEx_CommutCallback
 .text.HAL_TIMEx_BreakCallback
                0x080051e6       0x12 ./Drivers/STM32F1xx_HAL_Driver/Src/stm32f1xx_hal_tim_ex.o
                0x080051e6                HAL_TIMEx_BreakCallback
 .text.malloc   0x080051f8       0x10 D:/STM32CubeIDE/STM32CubeIDE_1.16.0/STM32CubeIDE/plugins/com.st.stm32cube.ide.mcu.externaltools.gnu-tools-for-stm32.12.3.rel1.win32_1.0.200.202406191623/tools/bin/../lib/gcc/arm-none-eabi/12.3.1/../../../../arm-none-eabi/lib/thumb/v7-m/nofp\libc_nano.a(libc_a-malloc.o)
                0x080051f8                malloc
 .text.free     0x08005208       0x10 D:/STM32CubeIDE/STM32CubeIDE_1.16.0/STM32CubeIDE/plugins/com.st.stm32cube.ide.mcu.externaltools.gnu-tools-for-stm32.12.3.rel1.win32_1.0.200.202406191623/tools/bin/../lib/gcc/arm-none-eabi/12.3.1/../../../../arm-none-eabi/lib/thumb/v7-m/nofp\libc_nano.a(libc_a-malloc.o)
                0x08005208                free
 .text.sbrk_aligned
                0x08005218       0x44 D:/STM32CubeIDE/STM32CubeIDE_1.16.0/STM32CubeIDE/plugins/com.st.stm32cube.ide.mcu.externaltools.gnu-tools-for-stm32.12.3.rel1.win32_1.0.200.202406191623/tools/bin/../lib/gcc/arm-none-eabi/12.3.1/../../../../arm-none-eabi/lib/thumb/v7-m/nofp\libc_nano.a(libc_a-mallocr.o)
 .text._malloc_r
                0x0800525c      0x100 D:/STM32CubeIDE/STM32CubeIDE_1.16.0/STM32CubeIDE/plugins/com.st.stm32cube.ide.mcu.externaltools.gnu-tools-for-stm32.12.3.rel1.win32_1.0.200.202406191623/tools/bin/../lib/gcc/arm-none-eabi/12.3.1/../../../../arm-none-eabi/lib/thumb/v7-m/nofp\libc_nano.a(libc_a-mallocr.o)
                0x0800525c                _malloc_r
 .text.__malloc_lock
                0x0800535c        0xc D:/STM32CubeIDE/STM32CubeIDE_1.16.0/STM32CubeIDE/plugins/com.st.stm32cube.ide.mcu.externaltools.gnu-tools-for-stm32.12.3.rel1.win32_1.0.200.202406191623/tools/bin/../lib/gcc/arm-none-eabi/12.3.1/../../../../arm-none-eabi/lib/thumb/v7-m/nofp\libc_nano.a(libc_a-mlock.o)
                0x0800535c                __malloc_lock
 .text.__malloc_unlock
                0x08005368        0xc D:/STM32CubeIDE/STM32CubeIDE_1.16.0/STM32CubeIDE/plugins/com.st.stm32cube.ide.mcu.externaltools.gnu-tools-for-stm32.12.3.rel1.win32_1.0.200.202406191623/tools/bin/../lib/gcc/arm-none-eabi/12.3.1/../../../../arm-none-eabi/lib/thumb/v7-m/nofp\libc_nano.a(libc_a-mlock.o)
                0x08005368                __malloc_unlock
 .text.sprintf  0x08005374       0x40 D:/STM32CubeIDE/STM32CubeIDE_1.16.0/STM32CubeIDE/plugins/com.st.stm32cube.ide.mcu.externaltools.gnu-tools-for-stm32.12.3.rel1.win32_1.0.200.202406191623/tools/bin/../lib/gcc/arm-none-eabi/12.3.1/../../../../arm-none-eabi/lib/thumb/v7-m/nofp\libc_nano.a(libc_a-sprintf.o)
                0x08005374                siprintf
                0x08005374                sprintf
 .text.memset   0x080053b4       0x10 D:/STM32CubeIDE/STM32CubeIDE_1.16.0/STM32CubeIDE/plugins/com.st.stm32cube.ide.mcu.externaltools.gnu-tools-for-stm32.12.3.rel1.win32_1.0.200.202406191623/tools/bin/../lib/gcc/arm-none-eabi/12.3.1/../../../../arm-none-eabi/lib/thumb/v7-m/nofp\libc_nano.a(libc_a-memset.o)
                0x080053b4                memset
 .text._sbrk_r  0x080053c4       0x20 D:/STM32CubeIDE/STM32CubeIDE_1.16.0/STM32CubeIDE/plugins/com.st.stm32cube.ide.mcu.externaltools.gnu-tools-for-stm32.12.3.rel1.win32_1.0.200.202406191623/tools/bin/../lib/gcc/arm-none-eabi/12.3.1/../../../../arm-none-eabi/lib/thumb/v7-m/nofp\libc_nano.a(libc_a-sbrkr.o)
                0x080053c4                _sbrk_r
 .text.__errno  0x080053e4        0xc D:/STM32CubeIDE/STM32CubeIDE_1.16.0/STM32CubeIDE/plugins/com.st.stm32cube.ide.mcu.externaltools.gnu-tools-for-stm32.12.3.rel1.win32_1.0.200.202406191623/tools/bin/../lib/gcc/arm-none-eabi/12.3.1/../../../../arm-none-eabi/lib/thumb/v7-m/nofp\libc_nano.a(libc_a-errno.o)
                0x080053e4                __errno
 .text.__libc_init_array
                0x080053f0       0x48 D:/STM32CubeIDE/STM32CubeIDE_1.16.0/STM32CubeIDE/plugins/com.st.stm32cube.ide.mcu.externaltools.gnu-tools-for-stm32.12.3.rel1.win32_1.0.200.202406191623/tools/bin/../lib/gcc/arm-none-eabi/12.3.1/../../../../arm-none-eabi/lib/thumb/v7-m/nofp\libc_nano.a(libc_a-init.o)
                0x080053f0                __libc_init_array
 .text.__retarget_lock_acquire_recursive
                0x08005438        0x2 D:/STM32CubeIDE/STM32CubeIDE_1.16.0/STM32CubeIDE/plugins/com.st.stm32cube.ide.mcu.externaltools.gnu-tools-for-stm32.12.3.rel1.win32_1.0.200.202406191623/tools/bin/../lib/gcc/arm-none-eabi/12.3.1/../../../../arm-none-eabi/lib/thumb/v7-m/nofp\libc_nano.a(libc_a-lock.o)
                0x08005438                __retarget_lock_acquire_recursive
 .text.__retarget_lock_release_recursive
                0x0800543a        0x2 D:/STM32CubeIDE/STM32CubeIDE_1.16.0/STM32CubeIDE/plugins/com.st.stm32cube.ide.mcu.externaltools.gnu-tools-for-stm32.12.3.rel1.win32_1.0.200.202406191623/tools/bin/../lib/gcc/arm-none-eabi/12.3.1/../../../../arm-none-eabi/lib/thumb/v7-m/nofp\libc_nano.a(libc_a-lock.o)
                0x0800543a                __retarget_lock_release_recursive
 .text._free_r  0x0800543c       0x90 D:/STM32CubeIDE/STM32CubeIDE_1.16.0/STM32CubeIDE/plugins/com.st.stm32cube.ide.mcu.externaltools.gnu-tools-for-stm32.12.3.rel1.win32_1.0.200.202406191623/tools/bin/../lib/gcc/arm-none-eabi/12.3.1/../../../../arm-none-eabi/lib/thumb/v7-m/nofp\libc_nano.a(libc_a-freer.o)
                0x0800543c                _free_r
 .text.__ssputs_r
                0x080054cc       0xb6 D:/STM32CubeIDE/STM32CubeIDE_1.16.0/STM32CubeIDE/plugins/com.st.stm32cube.ide.mcu.externaltools.gnu-tools-for-stm32.12.3.rel1.win32_1.0.200.202406191623/tools/bin/../lib/gcc/arm-none-eabi/12.3.1/../../../../arm-none-eabi/lib/thumb/v7-m/nofp\libc_nano.a(libc_a-nano-svfprintf.o)
                0x080054cc                __ssputs_r
 *fill*         0x08005582        0x2 
 .text._svfprintf_r
                0x08005584      0x1f8 D:/STM32CubeIDE/STM32CubeIDE_1.16.0/STM32CubeIDE/plugins/com.st.stm32cube.ide.mcu.externaltools.gnu-tools-for-stm32.12.3.rel1.win32_1.0.200.202406191623/tools/bin/../lib/gcc/arm-none-eabi/12.3.1/../../../../arm-none-eabi/lib/thumb/v7-m/nofp\libc_nano.a(libc_a-nano-svfprintf.o)
                0x08005584                _svfiprintf_r
                0x08005584                _svfprintf_r
 .text._printf_common
                0x0800577c       0xe4 D:/STM32CubeIDE/STM32CubeIDE_1.16.0/STM32CubeIDE/plugins/com.st.stm32cube.ide.mcu.externaltools.gnu-tools-for-stm32.12.3.rel1.win32_1.0.200.202406191623/tools/bin/../lib/gcc/arm-none-eabi/12.3.1/../../../../arm-none-eabi/lib/thumb/v7-m/nofp\libc_nano.a(libc_a-nano-vfprintf_i.o)
                0x0800577c                _printf_common
 .text._printf_i
                0x08005860      0x240 D:/STM32CubeIDE/STM32CubeIDE_1.16.0/STM32CubeIDE/plugins/com.st.stm32cube.ide.mcu.externaltools.gnu-tools-for-stm32.12.3.rel1.win32_1.0.200.202406191623/tools/bin/../lib/gcc/arm-none-eabi/12.3.1/../../../../arm-none-eabi/lib/thumb/v7-m/nofp\libc_nano.a(libc_a-nano-vfprintf_i.o)
                0x08005860                _printf_i
 .text.memmove  0x08005aa0       0x34 D:/STM32CubeIDE/STM32CubeIDE_1.16.0/STM32CubeIDE/plugins/com.st.stm32cube.ide.mcu.externaltools.gnu-tools-for-stm32.12.3.rel1.win32_1.0.200.202406191623/tools/bin/../lib/gcc/arm-none-eabi/12.3.1/../../../../arm-none-eabi/lib/thumb/v7-m/nofp\libc_nano.a(libc_a-memmove.o)
                0x08005aa0                memmove
 .text.memchr   0x08005ad4       0x1c D:/STM32CubeIDE/STM32CubeIDE_1.16.0/STM32CubeIDE/plugins/com.st.stm32cube.ide.mcu.externaltools.gnu-tools-for-stm32.12.3.rel1.win32_1.0.200.202406191623/tools/bin/../lib/gcc/arm-none-eabi/12.3.1/../../../../arm-none-eabi/lib/thumb/v7-m/nofp\libc_nano.a(libc_a-memchr-stub.o)
                0x08005ad4                memchr
 .text.memcpy   0x08005af0       0x1c D:/STM32CubeIDE/STM32CubeIDE_1.16.0/STM32CubeIDE/plugins/com.st.stm32cube.ide.mcu.externaltools.gnu-tools-for-stm32.12.3.rel1.win32_1.0.200.202406191623/tools/bin/../lib/gcc/arm-none-eabi/12.3.1/../../../../arm-none-eabi/lib/thumb/v7-m/nofp\libc_nano.a(libc_a-memcpy-stub.o)
                0x08005af0                memcpy
 .text._realloc_r
                0x08005b0c       0x5c D:/STM32CubeIDE/STM32CubeIDE_1.16.0/STM32CubeIDE/plugins/com.st.stm32cube.ide.mcu.externaltools.gnu-tools-for-stm32.12.3.rel1.win32_1.0.200.202406191623/tools/bin/../lib/gcc/arm-none-eabi/12.3.1/../../../../arm-none-eabi/lib/thumb/v7-m/nofp\libc_nano.a(libc_a-reallocr.o)
                0x08005b0c                _realloc_r
 .text._malloc_usable_size_r
                0x08005b68       0x10 D:/STM32CubeIDE/STM32CubeIDE_1.16.0/STM32CubeIDE/plugins/com.st.stm32cube.ide.mcu.externaltools.gnu-tools-for-stm32.12.3.rel1.win32_1.0.200.202406191623/tools/bin/../lib/gcc/arm-none-eabi/12.3.1/../../../../arm-none-eabi/lib/thumb/v7-m/nofp\libc_nano.a(libc_a-msizer.o)
                0x08005b68                _malloc_usable_size_r
 *(.glue_7)
 .glue_7        0x08005b78        0x0 linker stubs
 *(.glue_7t)
 .glue_7t       0x08005b78        0x0 linker stubs
 *(.eh_frame)
 .eh_frame      0x08005b78        0x0 D:/STM32CubeIDE/STM32CubeIDE_1.16.0/STM32CubeIDE/plugins/com.st.stm32cube.ide.mcu.externaltools.gnu-tools-for-stm32.12.3.rel1.win32_1.0.200.202406191623/tools/bin/../lib/gcc/arm-none-eabi/12.3.1/thumb/v7-m/nofp/crtbegin.o
 *(.init)
 .init          0x08005b78        0x4 D:/STM32CubeIDE/STM32CubeIDE_1.16.0/STM32CubeIDE/plugins/com.st.stm32cube.ide.mcu.externaltools.gnu-tools-for-stm32.12.3.rel1.win32_1.0.200.202406191623/tools/bin/../lib/gcc/arm-none-eabi/12.3.1/thumb/v7-m/nofp/crti.o
                0x08005b78                _init
 .init          0x08005b7c        0x8 D:/STM32CubeIDE/STM32CubeIDE_1.16.0/STM32CubeIDE/plugins/com.st.stm32cube.ide.mcu.externaltools.gnu-tools-for-stm32.12.3.rel1.win32_1.0.200.202406191623/tools/bin/../lib/gcc/arm-none-eabi/12.3.1/thumb/v7-m/nofp/crtn.o
 *(.fini)
 .fini          0x08005b84        0x4 D:/STM32CubeIDE/STM32CubeIDE_1.16.0/STM32CubeIDE/plugins/com.st.stm32cube.ide.mcu.externaltools.gnu-tools-for-stm32.12.3.rel1.win32_1.0.200.202406191623/tools/bin/../lib/gcc/arm-none-eabi/12.3.1/thumb/v7-m/nofp/crti.o
                0x08005b84                _fini
 .fini          0x08005b88        0x8 D:/STM32CubeIDE/STM32CubeIDE_1.16.0/STM32CubeIDE/plugins/com.st.stm32cube.ide.mcu.externaltools.gnu-tools-for-stm32.12.3.rel1.win32_1.0.200.202406191623/tools/bin/../lib/gcc/arm-none-eabi/12.3.1/thumb/v7-m/nofp/crtn.o
                0x08005b90                        . = ALIGN (0x4)
                0x08005b90                        _etext = .

.vfp11_veneer   0x08005b90        0x0
 .vfp11_veneer  0x08005b90        0x0 linker stubs

.v4_bx          0x08005b90        0x0
 .v4_bx         0x08005b90        0x0 linker stubs

.iplt           0x08005b90        0x0
 .iplt          0x08005b90        0x0 D:/STM32CubeIDE/STM32CubeIDE_1.16.0/STM32CubeIDE/plugins/com.st.stm32cube.ide.mcu.externaltools.gnu-tools-for-stm32.12.3.rel1.win32_1.0.200.202406191623/tools/bin/../lib/gcc/arm-none-eabi/12.3.1/thumb/v7-m/nofp/crtbegin.o

.rodata         0x08005b90       0xa8
                0x08005b90                        . = ALIGN (0x4)
 *(.rodata)
 .rodata        0x08005b90       0x45 ./Core/Src/displayLCD.o
 *(.rodata*)
 *fill*         0x08005bd5        0x3 
 .rodata.AHBPrescTable
                0x08005bd8       0x10 ./Core/Src/system_stm32f1xx.o
                0x08005bd8                AHBPrescTable
 .rodata.APBPrescTable
                0x08005be8        0x8 ./Core/Src/system_stm32f1xx.o
                0x08005be8                APBPrescTable
 .rodata.aPLLMULFactorTable.1
                0x08005bf0       0x10 ./Drivers/STM32F1xx_HAL_Driver/Src/stm32f1xx_hal_rcc.o
 .rodata.aPredivFactorTable.0
                0x08005c00        0x2 ./Drivers/STM32F1xx_HAL_Driver/Src/stm32f1xx_hal_rcc.o
 .rodata._svfprintf_r.str1.1
                0x08005c02       0x11 D:/STM32CubeIDE/STM32CubeIDE_1.16.0/STM32CubeIDE/plugins/com.st.stm32cube.ide.mcu.externaltools.gnu-tools-for-stm32.12.3.rel1.win32_1.0.200.202406191623/tools/bin/../lib/gcc/arm-none-eabi/12.3.1/../../../../arm-none-eabi/lib/thumb/v7-m/nofp\libc_nano.a(libc_a-nano-svfprintf.o)
 .rodata._printf_i.str1.1
                0x08005c13       0x22 D:/STM32CubeIDE/STM32CubeIDE_1.16.0/STM32CubeIDE/plugins/com.st.stm32cube.ide.mcu.externaltools.gnu-tools-for-stm32.12.3.rel1.win32_1.0.200.202406191623/tools/bin/../lib/gcc/arm-none-eabi/12.3.1/../../../../arm-none-eabi/lib/thumb/v7-m/nofp\libc_nano.a(libc_a-nano-vfprintf_i.o)
                0x08005c38                        . = ALIGN (0x4)
 *fill*         0x08005c35        0x3 

.rel.dyn        0x08005c38        0x0
 .rel.iplt      0x08005c38        0x0 D:/STM32CubeIDE/STM32CubeIDE_1.16.0/STM32CubeIDE/plugins/com.st.stm32cube.ide.mcu.externaltools.gnu-tools-for-stm32.12.3.rel1.win32_1.0.200.202406191623/tools/bin/../lib/gcc/arm-none-eabi/12.3.1/thumb/v7-m/nofp/crtbegin.o

.ARM.extab      0x08005c38        0x0
                0x08005c38                        . = ALIGN (0x4)
 *(.ARM.extab* .gnu.linkonce.armextab.*)
                0x08005c38                        . = ALIGN (0x4)

.ARM            0x08005c38        0x0
                0x08005c38                        . = ALIGN (0x4)
                0x08005c38                        __exidx_start = .
 *(.ARM.exidx*)
                0x08005c38                        __exidx_end = .
                0x08005c38                        . = ALIGN (0x4)

.preinit_array  0x08005c38        0x0
                0x08005c38                        . = ALIGN (0x4)
                0x08005c38                        PROVIDE (__preinit_array_start = .)
 *(.preinit_array*)
                0x08005c38                        PROVIDE (__preinit_array_end = .)
                0x08005c38                        . = ALIGN (0x4)

.init_array     0x08005c38        0x4
                0x08005c38                        . = ALIGN (0x4)
                0x08005c38                        PROVIDE (__init_array_start = .)
 *(SORT_BY_NAME(.init_array.*))
 *(.init_array*)
 .init_array    0x08005c38        0x4 D:/STM32CubeIDE/STM32CubeIDE_1.16.0/STM32CubeIDE/plugins/com.st.stm32cube.ide.mcu.externaltools.gnu-tools-for-stm32.12.3.rel1.win32_1.0.200.202406191623/tools/bin/../lib/gcc/arm-none-eabi/12.3.1/thumb/v7-m/nofp/crtbegin.o
                0x08005c3c                        PROVIDE (__init_array_end = .)
                0x08005c3c                        . = ALIGN (0x4)

.fini_array     0x08005c3c        0x4
                0x08005c3c                        . = ALIGN (0x4)
                [!provide]                        PROVIDE (__fini_array_start = .)
 *(SORT_BY_NAME(.fini_array.*))
 *(.fini_array*)
 .fini_array    0x08005c3c        0x4 D:/STM32CubeIDE/STM32CubeIDE_1.16.0/STM32CubeIDE/plugins/com.st.stm32cube.ide.mcu.externaltools.gnu-tools-for-stm32.12.3.rel1.win32_1.0.200.202406191623/tools/bin/../lib/gcc/arm-none-eabi/12.3.1/thumb/v7-m/nofp/crtbegin.o
                [!provide]                        PROVIDE (__fini_array_end = .)
                0x08005c40                        . = ALIGN (0x4)
                0x08005c40                        _sidata = LOADADDR (.data)

.data           0x20000000       0x80 load address 0x08005c40
                0x20000000                        . = ALIGN (0x4)
                0x20000000                        _sdata = .
 *(.data)
 *(.data*)
 .data.redDura  0x20000000        0x4 ./Core/Src/global.o
                0x20000000                redDura
 .data.greenDura
                0x20000004        0x4 ./Core/Src/global.o
                0x20000004                greenDura
 .data.yellowDura
                0x20000008        0x4 ./Core/Src/global.o
                0x20000008                yellowDura
 .data.countdownEnable
                0x2000000c        0x4 ./Core/Src/global.o
                0x2000000c                countdownEnable
 .data.SystemCoreClock
                0x20000010        0x4 ./Core/Src/system_stm32f1xx.o
                0x20000010                SystemCoreClock
 .data.timer_dura
                0x20000014       0x14 ./Core/Src/time_set.o
                0x20000014                timer_dura
 .data.uwTickPrio
                0x20000028        0x4 ./Drivers/STM32F1xx_HAL_Driver/Src/stm32f1xx_hal.o
                0x20000028                uwTickPrio
 .data.uwTickFreq
                0x2000002c        0x1 ./Drivers/STM32F1xx_HAL_Driver/Src/stm32f1xx_hal.o
                0x2000002c                uwTickFreq
 *fill*         0x2000002d        0x3 
 .data._impure_ptr
                0x20000030        0x4 D:/STM32CubeIDE/STM32CubeIDE_1.16.0/STM32CubeIDE/plugins/com.st.stm32cube.ide.mcu.externaltools.gnu-tools-for-stm32.12.3.rel1.win32_1.0.200.202406191623/tools/bin/../lib/gcc/arm-none-eabi/12.3.1/../../../../arm-none-eabi/lib/thumb/v7-m/nofp\libc_nano.a(libc_a-impure.o)
                0x20000030                _impure_ptr
 .data._impure_data
                0x20000034       0x4c D:/STM32CubeIDE/STM32CubeIDE_1.16.0/STM32CubeIDE/plugins/com.st.stm32cube.ide.mcu.externaltools.gnu-tools-for-stm32.12.3.rel1.win32_1.0.200.202406191623/tools/bin/../lib/gcc/arm-none-eabi/12.3.1/../../../../arm-none-eabi/lib/thumb/v7-m/nofp\libc_nano.a(libc_a-impure.o)
                0x20000034                _impure_data
 *(.RamFunc)
 *(.RamFunc*)
                0x20000080                        . = ALIGN (0x4)
                0x20000080                        _edata = .

.igot.plt       0x20000080        0x0 load address 0x08005cc0
 .igot.plt      0x20000080        0x0 D:/STM32CubeIDE/STM32CubeIDE_1.16.0/STM32CubeIDE/plugins/com.st.stm32cube.ide.mcu.externaltools.gnu-tools-for-stm32.12.3.rel1.win32_1.0.200.202406191623/tools/bin/../lib/gcc/arm-none-eabi/12.3.1/thumb/v7-m/nofp/crtbegin.o
                0x20000080                        . = ALIGN (0x4)

.bss            0x20000080      0x28c load address 0x08005cc0
                0x20000080                        _sbss = .
                0x20000080                        __bss_start__ = _sbss
 *(.bss)
 .bss           0x20000080       0x1c D:/STM32CubeIDE/STM32CubeIDE_1.16.0/STM32CubeIDE/plugins/com.st.stm32cube.ide.mcu.externaltools.gnu-tools-for-stm32.12.3.rel1.win32_1.0.200.202406191623/tools/bin/../lib/gcc/arm-none-eabi/12.3.1/thumb/v7-m/nofp/crtbegin.o
 *(.bss*)
 .bss.buttonBuffer
                0x2000009c        0x3 ./Core/Src/button.o
 *fill*         0x2000009f        0x1 
 .bss.buttonBounce1
                0x200000a0        0x3 ./Core/Src/button.o
 *fill*         0x200000a3        0x1 
 .bss.buttonBounce2
                0x200000a4        0x3 ./Core/Src/button.o
 *fill*         0x200000a7        0x1 
 .bss.buttonBounce3
                0x200000a8        0x3 ./Core/Src/button.o
 *fill*         0x200000ab        0x1 
 .bss.button_flag
                0x200000ac        0xc ./Core/Src/button.o
                0x200000ac                button_flag
 .bss.button_hold
                0x200000b8        0xc ./Core/Src/button.o
                0x200000b8                button_hold
 .bss.keyPressCounter
                0x200000c4        0xc ./Core/Src/button.o
                0x200000c4                keyPressCounter
 .bss.buffer    0x200000d0       0x10 ./Core/Src/displayLCD.o
                0x200000d0                buffer
 .bss.status    0x200000e0        0x4 ./Core/Src/global.o
                0x200000e0                status
 .bss.counter0  0x200000e4        0x4 ./Core/Src/global.o
                0x200000e4                counter0
 .bss.counter1  0x200000e8        0x4 ./Core/Src/global.o
                0x200000e8                counter1
 .bss.countdown_save
                0x200000ec        0x8 ./Core/Src/global.o
                0x200000ec                countdown_save
 .bss.mainSCH   0x200000f4        0x4 ./Core/Src/global.o
                0x200000f4                mainSCH
 .bss.hi2c1     0x200000f8       0x54 ./Core/Src/main.o
                0x200000f8                hi2c1
 .bss.htim2     0x2000014c       0x48 ./Core/Src/main.o
                0x2000014c                htim2
 .bss.__sbrk_heap_end
                0x20000194        0x4 ./Core/Src/sysmem.o
 .bss.timer_counter
                0x20000198       0x14 ./Core/Src/time_set.o
                0x20000198                timer_counter
 .bss.timer_flag
                0x200001ac       0x14 ./Core/Src/time_set.o
                0x200001ac                timer_flag
 .bss.uwTick    0x200001c0        0x4 ./Drivers/STM32F1xx_HAL_Driver/Src/stm32f1xx_hal.o
                0x200001c0                uwTick
 .bss.__malloc_sbrk_start
                0x200001c4        0x4 D:/STM32CubeIDE/STM32CubeIDE_1.16.0/STM32CubeIDE/plugins/com.st.stm32cube.ide.mcu.externaltools.gnu-tools-for-stm32.12.3.rel1.win32_1.0.200.202406191623/tools/bin/../lib/gcc/arm-none-eabi/12.3.1/../../../../arm-none-eabi/lib/thumb/v7-m/nofp\libc_nano.a(libc_a-mallocr.o)
                0x200001c4                __malloc_sbrk_start
 .bss.__malloc_free_list
                0x200001c8        0x4 D:/STM32CubeIDE/STM32CubeIDE_1.16.0/STM32CubeIDE/plugins/com.st.stm32cube.ide.mcu.externaltools.gnu-tools-for-stm32.12.3.rel1.win32_1.0.200.202406191623/tools/bin/../lib/gcc/arm-none-eabi/12.3.1/../../../../arm-none-eabi/lib/thumb/v7-m/nofp\libc_nano.a(libc_a-mallocr.o)
                0x200001c8                __malloc_free_list
 .bss.__sf      0x200001cc      0x138 D:/STM32CubeIDE/STM32CubeIDE_1.16.0/STM32CubeIDE/plugins/com.st.stm32cube.ide.mcu.externaltools.gnu-tools-for-stm32.12.3.rel1.win32_1.0.200.202406191623/tools/bin/../lib/gcc/arm-none-eabi/12.3.1/../../../../arm-none-eabi/lib/thumb/v7-m/nofp\libc_nano.a(libc_a-findfp.o)
                0x200001cc                __sf
 .bss.errno     0x20000304        0x4 D:/STM32CubeIDE/STM32CubeIDE_1.16.0/STM32CubeIDE/plugins/com.st.stm32cube.ide.mcu.externaltools.gnu-tools-for-stm32.12.3.rel1.win32_1.0.200.202406191623/tools/bin/../lib/gcc/arm-none-eabi/12.3.1/../../../../arm-none-eabi/lib/thumb/v7-m/nofp\libc_nano.a(libc_a-reent.o)
                0x20000304                errno
 .bss.__lock___malloc_recursive_mutex
                0x20000308        0x1 D:/STM32CubeIDE/STM32CubeIDE_1.16.0/STM32CubeIDE/plugins/com.st.stm32cube.ide.mcu.externaltools.gnu-tools-for-stm32.12.3.rel1.win32_1.0.200.202406191623/tools/bin/../lib/gcc/arm-none-eabi/12.3.1/../../../../arm-none-eabi/lib/thumb/v7-m/nofp\libc_nano.a(libc_a-lock.o)
                0x20000308                __lock___malloc_recursive_mutex
 *(COMMON)
                0x2000030c                        . = ALIGN (0x4)
 *fill*         0x20000309        0x3 
                0x2000030c                        _ebss = .
                0x2000030c                        __bss_end__ = _ebss

._user_heap_stack
                0x2000030c      0x604 load address 0x08005cc0
                0x20000310                        . = ALIGN (0x8)
 *fill*         0x2000030c        0x4 
                [!provide]                        PROVIDE (end = .)
                0x20000310                        PROVIDE (_end = .)
                0x20000510                        . = (. + _Min_Heap_Size)
 *fill*         0x20000310      0x200 
                0x20000910                        . = (. + _Min_Stack_Size)
 *fill*         0x20000510      0x400 
                0x20000910                        . = ALIGN (0x8)

/DISCARD/
 libc.a(*)
 libm.a(*)
 libgcc.a(*)

.ARM.attributes
                0x00000000       0x29
 *(.ARM.attributes)
 .ARM.attributes
                0x00000000       0x1d D:/STM32CubeIDE/STM32CubeIDE_1.16.0/STM32CubeIDE/plugins/com.st.stm32cube.ide.mcu.externaltools.gnu-tools-for-stm32.12.3.rel1.win32_1.0.200.202406191623/tools/bin/../lib/gcc/arm-none-eabi/12.3.1/thumb/v7-m/nofp/crti.o
 .ARM.attributes
                0x0000001d       0x2d D:/STM32CubeIDE/STM32CubeIDE_1.16.0/STM32CubeIDE/plugins/com.st.stm32cube.ide.mcu.externaltools.gnu-tools-for-stm32.12.3.rel1.win32_1.0.200.202406191623/tools/bin/../lib/gcc/arm-none-eabi/12.3.1/thumb/v7-m/nofp/crtbegin.o
 .ARM.attributes
                0x0000004a       0x2d ./Core/Src/FSM_automatic.o
 .ARM.attributes
                0x00000077       0x2d ./Core/Src/FSM_manual.o
 .ARM.attributes
                0x000000a4       0x2d ./Core/Src/button.o
 .ARM.attributes
                0x000000d1       0x2d ./Core/Src/displayLCD.o
 .ARM.attributes
                0x000000fe       0x2d ./Core/Src/global.o
 .ARM.attributes
                0x0000012b       0x2d ./Core/Src/i2c-lcd.o
 .ARM.attributes
                0x00000158       0x2d ./Core/Src/main.o
 .ARM.attributes
                0x00000185       0x2d ./Core/Src/scheduler.o
 .ARM.attributes
                0x000001b2       0x2d ./Core/Src/stm32f1xx_hal_msp.o
 .ARM.attributes
                0x000001df       0x2d ./Core/Src/stm32f1xx_it.o
 .ARM.attributes
                0x0000020c       0x2d ./Core/Src/sysmem.o
 .ARM.attributes
                0x00000239       0x2d ./Core/Src/system_stm32f1xx.o
 .ARM.attributes
                0x00000266       0x2d ./Core/Src/time_set.o
 .ARM.attributes
                0x00000293       0x21 ./Core/Startup/startup_stm32f103rbtx.o
 .ARM.attributes
                0x000002b4       0x2d ./Drivers/STM32F1xx_HAL_Driver/Src/stm32f1xx_hal.o
 .ARM.attributes
                0x000002e1       0x2d ./Drivers/STM32F1xx_HAL_Driver/Src/stm32f1xx_hal_cortex.o
 .ARM.attributes
                0x0000030e       0x2d ./Drivers/STM32F1xx_HAL_Driver/Src/stm32f1xx_hal_dma.o
 .ARM.attributes
                0x0000033b       0x2d ./Drivers/STM32F1xx_HAL_Driver/Src/stm32f1xx_hal_gpio.o
 .ARM.attributes
                0x00000368       0x2d ./Drivers/STM32F1xx_HAL_Driver/Src/stm32f1xx_hal_i2c.o
 .ARM.attributes
                0x00000395       0x2d ./Drivers/STM32F1xx_HAL_Driver/Src/stm32f1xx_hal_rcc.o
 .ARM.attributes
                0x000003c2       0x2d ./Drivers/STM32F1xx_HAL_Driver/Src/stm32f1xx_hal_tim.o
 .ARM.attributes
                0x000003ef       0x2d ./Drivers/STM32F1xx_HAL_Driver/Src/stm32f1xx_hal_tim_ex.o
 .ARM.attributes
                0x0000041c       0x2d D:/STM32CubeIDE/STM32CubeIDE_1.16.0/STM32CubeIDE/plugins/com.st.stm32cube.ide.mcu.externaltools.gnu-tools-for-stm32.12.3.rel1.win32_1.0.200.202406191623/tools/bin/../lib/gcc/arm-none-eabi/12.3.1/../../../../arm-none-eabi/lib/thumb/v7-m/nofp\libc_nano.a(libc_a-malloc.o)
 .ARM.attributes
                0x00000449       0x2d D:/STM32CubeIDE/STM32CubeIDE_1.16.0/STM32CubeIDE/plugins/com.st.stm32cube.ide.mcu.externaltools.gnu-tools-for-stm32.12.3.rel1.win32_1.0.200.202406191623/tools/bin/../lib/gcc/arm-none-eabi/12.3.1/../../../../arm-none-eabi/lib/thumb/v7-m/nofp\libc_nano.a(libc_a-mallocr.o)
 .ARM.attributes
                0x00000476       0x2d D:/STM32CubeIDE/STM32CubeIDE_1.16.0/STM32CubeIDE/plugins/com.st.stm32cube.ide.mcu.externaltools.gnu-tools-for-stm32.12.3.rel1.win32_1.0.200.202406191623/tools/bin/../lib/gcc/arm-none-eabi/12.3.1/../../../../arm-none-eabi/lib/thumb/v7-m/nofp\libc_nano.a(libc_a-mlock.o)
 .ARM.attributes
                0x000004a3       0x2d D:/STM32CubeIDE/STM32CubeIDE_1.16.0/STM32CubeIDE/plugins/com.st.stm32cube.ide.mcu.externaltools.gnu-tools-for-stm32.12.3.rel1.win32_1.0.200.202406191623/tools/bin/../lib/gcc/arm-none-eabi/12.3.1/../../../../arm-none-eabi/lib/thumb/v7-m/nofp\libc_nano.a(libc_a-findfp.o)
 .ARM.attributes
                0x000004d0       0x2d D:/STM32CubeIDE/STM32CubeIDE_1.16.0/STM32CubeIDE/plugins/com.st.stm32cube.ide.mcu.externaltools.gnu-tools-for-stm32.12.3.rel1.win32_1.0.200.202406191623/tools/bin/../lib/gcc/arm-none-eabi/12.3.1/../../../../arm-none-eabi/lib/thumb/v7-m/nofp\libc_nano.a(libc_a-sprintf.o)
 .ARM.attributes
                0x000004fd       0x2d D:/STM32CubeIDE/STM32CubeIDE_1.16.0/STM32CubeIDE/plugins/com.st.stm32cube.ide.mcu.externaltools.gnu-tools-for-stm32.12.3.rel1.win32_1.0.200.202406191623/tools/bin/../lib/gcc/arm-none-eabi/12.3.1/../../../../arm-none-eabi/lib/thumb/v7-m/nofp\libc_nano.a(libc_a-memset.o)
 .ARM.attributes
                0x0000052a       0x2d D:/STM32CubeIDE/STM32CubeIDE_1.16.0/STM32CubeIDE/plugins/com.st.stm32cube.ide.mcu.externaltools.gnu-tools-for-stm32.12.3.rel1.win32_1.0.200.202406191623/tools/bin/../lib/gcc/arm-none-eabi/12.3.1/../../../../arm-none-eabi/lib/thumb/v7-m/nofp\libc_nano.a(libc_a-reent.o)
 .ARM.attributes
                0x00000557       0x2d D:/STM32CubeIDE/STM32CubeIDE_1.16.0/STM32CubeIDE/plugins/com.st.stm32cube.ide.mcu.externaltools.gnu-tools-for-stm32.12.3.rel1.win32_1.0.200.202406191623/tools/bin/../lib/gcc/arm-none-eabi/12.3.1/../../../../arm-none-eabi/lib/thumb/v7-m/nofp\libc_nano.a(libc_a-impure.o)
 .ARM.attributes
                0x00000584       0x2d D:/STM32CubeIDE/STM32CubeIDE_1.16.0/STM32CubeIDE/plugins/com.st.stm32cube.ide.mcu.externaltools.gnu-tools-for-stm32.12.3.rel1.win32_1.0.200.202406191623/tools/bin/../lib/gcc/arm-none-eabi/12.3.1/../../../../arm-none-eabi/lib/thumb/v7-m/nofp\libc_nano.a(libc_a-sbrkr.o)
 .ARM.attributes
                0x000005b1       0x2d D:/STM32CubeIDE/STM32CubeIDE_1.16.0/STM32CubeIDE/plugins/com.st.stm32cube.ide.mcu.externaltools.gnu-tools-for-stm32.12.3.rel1.win32_1.0.200.202406191623/tools/bin/../lib/gcc/arm-none-eabi/12.3.1/../../../../arm-none-eabi/lib/thumb/v7-m/nofp\libc_nano.a(libc_a-errno.o)
 .ARM.attributes
                0x000005de       0x2d D:/STM32CubeIDE/STM32CubeIDE_1.16.0/STM32CubeIDE/plugins/com.st.stm32cube.ide.mcu.externaltools.gnu-tools-for-stm32.12.3.rel1.win32_1.0.200.202406191623/tools/bin/../lib/gcc/arm-none-eabi/12.3.1/../../../../arm-none-eabi/lib/thumb/v7-m/nofp\libc_nano.a(libc_a-init.o)
 .ARM.attributes
                0x0000060b       0x2d D:/STM32CubeIDE/STM32CubeIDE_1.16.0/STM32CubeIDE/plugins/com.st.stm32cube.ide.mcu.externaltools.gnu-tools-for-stm32.12.3.rel1.win32_1.0.200.202406191623/tools/bin/../lib/gcc/arm-none-eabi/12.3.1/../../../../arm-none-eabi/lib/thumb/v7-m/nofp\libc_nano.a(libc_a-lock.o)
 .ARM.attributes
                0x00000638       0x2d D:/STM32CubeIDE/STM32CubeIDE_1.16.0/STM32CubeIDE/plugins/com.st.stm32cube.ide.mcu.externaltools.gnu-tools-for-stm32.12.3.rel1.win32_1.0.200.202406191623/tools/bin/../lib/gcc/arm-none-eabi/12.3.1/../../../../arm-none-eabi/lib/thumb/v7-m/nofp\libc_nano.a(libc_a-freer.o)
 .ARM.attributes
                0x00000665       0x2d D:/STM32CubeIDE/STM32CubeIDE_1.16.0/STM32CubeIDE/plugins/com.st.stm32cube.ide.mcu.externaltools.gnu-tools-for-stm32.12.3.rel1.win32_1.0.200.202406191623/tools/bin/../lib/gcc/arm-none-eabi/12.3.1/../../../../arm-none-eabi/lib/thumb/v7-m/nofp\libc_nano.a(libc_a-nano-svfprintf.o)
 .ARM.attributes
                0x00000692       0x2d D:/STM32CubeIDE/STM32CubeIDE_1.16.0/STM32CubeIDE/plugins/com.st.stm32cube.ide.mcu.externaltools.gnu-tools-for-stm32.12.3.rel1.win32_1.0.200.202406191623/tools/bin/../lib/gcc/arm-none-eabi/12.3.1/../../../../arm-none-eabi/lib/thumb/v7-m/nofp\libc_nano.a(libc_a-nano-vfprintf_i.o)
 .ARM.attributes
                0x000006bf       0x2d D:/STM32CubeIDE/STM32CubeIDE_1.16.0/STM32CubeIDE/plugins/com.st.stm32cube.ide.mcu.externaltools.gnu-tools-for-stm32.12.3.rel1.win32_1.0.200.202406191623/tools/bin/../lib/gcc/arm-none-eabi/12.3.1/../../../../arm-none-eabi/lib/thumb/v7-m/nofp\libc_nano.a(libc_a-memmove.o)
 .ARM.attributes
                0x000006ec       0x2d D:/STM32CubeIDE/STM32CubeIDE_1.16.0/STM32CubeIDE/plugins/com.st.stm32cube.ide.mcu.externaltools.gnu-tools-for-stm32.12.3.rel1.win32_1.0.200.202406191623/tools/bin/../lib/gcc/arm-none-eabi/12.3.1/../../../../arm-none-eabi/lib/thumb/v7-m/nofp\libc_nano.a(libc_a-memchr-stub.o)
 .ARM.attributes
                0x00000719       0x2d D:/STM32CubeIDE/STM32CubeIDE_1.16.0/STM32CubeIDE/plugins/com.st.stm32cube.ide.mcu.externaltools.gnu-tools-for-stm32.12.3.rel1.win32_1.0.200.202406191623/tools/bin/../lib/gcc/arm-none-eabi/12.3.1/../../../../arm-none-eabi/lib/thumb/v7-m/nofp\libc_nano.a(libc_a-memcpy-stub.o)
 .ARM.attributes
                0x00000746       0x2d D:/STM32CubeIDE/STM32CubeIDE_1.16.0/STM32CubeIDE/plugins/com.st.stm32cube.ide.mcu.externaltools.gnu-tools-for-stm32.12.3.rel1.win32_1.0.200.202406191623/tools/bin/../lib/gcc/arm-none-eabi/12.3.1/../../../../arm-none-eabi/lib/thumb/v7-m/nofp\libc_nano.a(libc_a-reallocr.o)
 .ARM.attributes
                0x00000773       0x2d D:/STM32CubeIDE/STM32CubeIDE_1.16.0/STM32CubeIDE/plugins/com.st.stm32cube.ide.mcu.externaltools.gnu-tools-for-stm32.12.3.rel1.win32_1.0.200.202406191623/tools/bin/../lib/gcc/arm-none-eabi/12.3.1/../../../../arm-none-eabi/lib/thumb/v7-m/nofp\libc_nano.a(libc_a-msizer.o)
 .ARM.attributes
                0x000007a0       0x1d D:/STM32CubeIDE/STM32CubeIDE_1.16.0/STM32CubeIDE/plugins/com.st.stm32cube.ide.mcu.externaltools.gnu-tools-for-stm32.12.3.rel1.win32_1.0.200.202406191623/tools/bin/../lib/gcc/arm-none-eabi/12.3.1/thumb/v7-m/nofp/crtn.o
OUTPUT(final.elf elf32-littlearm)
LOAD linker stubs
LOAD D:/STM32CubeIDE/STM32CubeIDE_1.16.0/STM32CubeIDE/plugins/com.st.stm32cube.ide.mcu.externaltools.gnu-tools-for-stm32.12.3.rel1.win32_1.0.200.202406191623/tools/bin/../lib/gcc/arm-none-eabi/12.3.1/../../../../arm-none-eabi/lib/thumb/v7-m/nofp\libc.a
LOAD D:/STM32CubeIDE/STM32CubeIDE_1.16.0/STM32CubeIDE/plugins/com.st.stm32cube.ide.mcu.externaltools.gnu-tools-for-stm32.12.3.rel1.win32_1.0.200.202406191623/tools/bin/../lib/gcc/arm-none-eabi/12.3.1/../../../../arm-none-eabi/lib/thumb/v7-m/nofp\libm.a
LOAD D:/STM32CubeIDE/STM32CubeIDE_1.16.0/STM32CubeIDE/plugins/com.st.stm32cube.ide.mcu.externaltools.gnu-tools-for-stm32.12.3.rel1.win32_1.0.200.202406191623/tools/bin/../lib/gcc/arm-none-eabi/12.3.1/thumb/v7-m/nofp\libgcc.a

.debug_info     0x00000000     0xcb8c
 .debug_info    0x00000000      0x268 ./Core/Src/FSM_automatic.o
 .debug_info    0x00000268      0x25e ./Core/Src/FSM_manual.o
 .debug_info    0x000004c6      0x2ef ./Core/Src/button.o
 .debug_info    0x000007b5      0x175 ./Core/Src/displayLCD.o
 .debug_info    0x0000092a      0x2bb ./Core/Src/global.o
 .debug_info    0x00000be5      0x762 ./Core/Src/i2c-lcd.o
 .debug_info    0x00001347      0xf6b ./Core/Src/main.o
 .debug_info    0x000022b2      0x377 ./Core/Src/scheduler.o
 .debug_info    0x00002629      0xdae ./Core/Src/stm32f1xx_hal_msp.o
 .debug_info    0x000033d7      0x9d0 ./Core/Src/stm32f1xx_it.o
 .debug_info    0x00003da7      0x168 ./Core/Src/sysmem.o
 .debug_info    0x00003f0f      0x222 ./Core/Src/system_stm32f1xx.o
 .debug_info    0x00004131      0x136 ./Core/Src/time_set.o
 .debug_info    0x00004267       0x30 ./Core/Startup/startup_stm32f103rbtx.o
 .debug_info    0x00004297      0x704 ./Drivers/STM32F1xx_HAL_Driver/Src/stm32f1xx_hal.o
 .debug_info    0x0000499b      0xa87 ./Drivers/STM32F1xx_HAL_Driver/Src/stm32f1xx_hal_cortex.o
 .debug_info    0x00005422      0x6d2 ./Drivers/STM32F1xx_HAL_Driver/Src/stm32f1xx_hal_dma.o
 .debug_info    0x00005af4      0x5ab ./Drivers/STM32F1xx_HAL_Driver/Src/stm32f1xx_hal_gpio.o
 .debug_info    0x0000609f     0x2524 ./Drivers/STM32F1xx_HAL_Driver/Src/stm32f1xx_hal_i2c.o
 .debug_info    0x000085c3      0x7d5 ./Drivers/STM32F1xx_HAL_Driver/Src/stm32f1xx_hal_rcc.o
 .debug_info    0x00008d98     0x2959 ./Drivers/STM32F1xx_HAL_Driver/Src/stm32f1xx_hal_tim.o
 .debug_info    0x0000b6f1     0x149b ./Drivers/STM32F1xx_HAL_Driver/Src/stm32f1xx_hal_tim_ex.o

.debug_abbrev   0x00000000     0x266a
 .debug_abbrev  0x00000000      0x11b ./Core/Src/FSM_automatic.o
 .debug_abbrev  0x0000011b      0x134 ./Core/Src/FSM_manual.o
 .debug_abbrev  0x0000024f      0x1d4 ./Core/Src/button.o
 .debug_abbrev  0x00000423       0xee ./Core/Src/displayLCD.o
 .debug_abbrev  0x00000511      0x104 ./Core/Src/global.o
 .debug_abbrev  0x00000615      0x1eb ./Core/Src/i2c-lcd.o
 .debug_abbrev  0x00000800      0x31a ./Core/Src/main.o
 .debug_abbrev  0x00000b1a      0x1d5 ./Core/Src/scheduler.o
 .debug_abbrev  0x00000cef      0x1d5 ./Core/Src/stm32f1xx_hal_msp.o
 .debug_abbrev  0x00000ec4      0x194 ./Core/Src/stm32f1xx_it.o
 .debug_abbrev  0x00001058       0xbc ./Core/Src/sysmem.o
 .debug_abbrev  0x00001114      0x13f ./Core/Src/system_stm32f1xx.o
 .debug_abbrev  0x00001253       0xd6 ./Core/Src/time_set.o
 .debug_abbrev  0x00001329       0x24 ./Core/Startup/startup_stm32f103rbtx.o
 .debug_abbrev  0x0000134d      0x201 ./Drivers/STM32F1xx_HAL_Driver/Src/stm32f1xx_hal.o
 .debug_abbrev  0x0000154e      0x2f8 ./Drivers/STM32F1xx_HAL_Driver/Src/stm32f1xx_hal_cortex.o
 .debug_abbrev  0x00001846      0x20b ./Drivers/STM32F1xx_HAL_Driver/Src/stm32f1xx_hal_dma.o
 .debug_abbrev  0x00001a51      0x1ca ./Drivers/STM32F1xx_HAL_Driver/Src/stm32f1xx_hal_gpio.o
 .debug_abbrev  0x00001c1b      0x2a3 ./Drivers/STM32F1xx_HAL_Driver/Src/stm32f1xx_hal_i2c.o
 .debug_abbrev  0x00001ebe      0x2b3 ./Drivers/STM32F1xx_HAL_Driver/Src/stm32f1xx_hal_rcc.o
 .debug_abbrev  0x00002171      0x277 ./Drivers/STM32F1xx_HAL_Driver/Src/stm32f1xx_hal_tim.o
 .debug_abbrev  0x000023e8      0x282 ./Drivers/STM32F1xx_HAL_Driver/Src/stm32f1xx_hal_tim_ex.o

.debug_aranges  0x00000000      0xe58
 .debug_aranges
                0x00000000       0x20 ./Core/Src/FSM_automatic.o
 .debug_aranges
                0x00000020       0x28 ./Core/Src/FSM_manual.o
 .debug_aranges
                0x00000048       0x48 ./Core/Src/button.o
 .debug_aranges
                0x00000090       0x28 ./Core/Src/displayLCD.o
 .debug_aranges
                0x000000b8       0x28 ./Core/Src/global.o
 .debug_aranges
                0x000000e0       0x50 ./Core/Src/i2c-lcd.o
 .debug_aranges
                0x00000130       0x50 ./Core/Src/main.o
 .debug_aranges
                0x00000180       0x60 ./Core/Src/scheduler.o
 .debug_aranges
                0x000001e0       0x40 ./Core/Src/stm32f1xx_hal_msp.o
 .debug_aranges
                0x00000220       0x78 ./Core/Src/stm32f1xx_it.o
 .debug_aranges
                0x00000298       0x20 ./Core/Src/sysmem.o
 .debug_aranges
                0x000002b8       0x28 ./Core/Src/system_stm32f1xx.o
 .debug_aranges
                0x000002e0       0x28 ./Core/Src/time_set.o
 .debug_aranges
                0x00000308       0x28 ./Core/Startup/startup_stm32f103rbtx.o
 .debug_aranges
                0x00000330       0xe0 ./Drivers/STM32F1xx_HAL_Driver/Src/stm32f1xx_hal.o
 .debug_aranges
                0x00000410      0x100 ./Drivers/STM32F1xx_HAL_Driver/Src/stm32f1xx_hal_cortex.o
 .debug_aranges
                0x00000510       0x80 ./Drivers/STM32F1xx_HAL_Driver/Src/stm32f1xx_hal_dma.o
 .debug_aranges
                0x00000590       0x58 ./Drivers/STM32F1xx_HAL_Driver/Src/stm32f1xx_hal_gpio.o
 .debug_aranges
                0x000005e8      0x2a8 ./Drivers/STM32F1xx_HAL_Driver/Src/stm32f1xx_hal_i2c.o
 .debug_aranges
                0x00000890       0x90 ./Drivers/STM32F1xx_HAL_Driver/Src/stm32f1xx_hal_rcc.o
 .debug_aranges
                0x00000920      0x3d0 ./Drivers/STM32F1xx_HAL_Driver/Src/stm32f1xx_hal_tim.o
 .debug_aranges
                0x00000cf0      0x168 ./Drivers/STM32F1xx_HAL_Driver/Src/stm32f1xx_hal_tim_ex.o

.debug_rnglists
                0x00000000      0xb12
 .debug_rnglists
                0x00000000       0x14 ./Core/Src/FSM_automatic.o
 .debug_rnglists
                0x00000014       0x1a ./Core/Src/FSM_manual.o
 .debug_rnglists
                0x0000002e       0x32 ./Core/Src/button.o
 .debug_rnglists
                0x00000060       0x1b ./Core/Src/displayLCD.o
 .debug_rnglists
                0x0000007b       0x19 ./Core/Src/global.o
 .debug_rnglists
                0x00000094       0x37 ./Core/Src/i2c-lcd.o
 .debug_rnglists
                0x000000cb       0x3a ./Core/Src/main.o
 .debug_rnglists
                0x00000105       0x45 ./Core/Src/scheduler.o
 .debug_rnglists
                0x0000014a       0x2c ./Core/Src/stm32f1xx_hal_msp.o
 .debug_rnglists
                0x00000176       0x55 ./Core/Src/stm32f1xx_it.o
 .debug_rnglists
                0x000001cb       0x13 ./Core/Src/sysmem.o
 .debug_rnglists
                0x000001de       0x1a ./Core/Src/system_stm32f1xx.o
 .debug_rnglists
                0x000001f8       0x19 ./Core/Src/time_set.o
 .debug_rnglists
                0x00000211       0x19 ./Core/Startup/startup_stm32f103rbtx.o
 .debug_rnglists
                0x0000022a       0xa3 ./Drivers/STM32F1xx_HAL_Driver/Src/stm32f1xx_hal.o
 .debug_rnglists
                0x000002cd       0xbb ./Drivers/STM32F1xx_HAL_Driver/Src/stm32f1xx_hal_cortex.o
 .debug_rnglists
                0x00000388       0x64 ./Drivers/STM32F1xx_HAL_Driver/Src/stm32f1xx_hal_dma.o
 .debug_rnglists
                0x000003ec       0x3f ./Drivers/STM32F1xx_HAL_Driver/Src/stm32f1xx_hal_gpio.o
 .debug_rnglists
                0x0000042b      0x23c ./Drivers/STM32F1xx_HAL_Driver/Src/stm32f1xx_hal_i2c.o
 .debug_rnglists
                0x00000667       0x6c ./Drivers/STM32F1xx_HAL_Driver/Src/stm32f1xx_hal_rcc.o
 .debug_rnglists
                0x000006d3      0x31a ./Drivers/STM32F1xx_HAL_Driver/Src/stm32f1xx_hal_tim.o
 .debug_rnglists
                0x000009ed      0x125 ./Drivers/STM32F1xx_HAL_Driver/Src/stm32f1xx_hal_tim_ex.o

.debug_macro    0x00000000    0x19df4
 .debug_macro   0x00000000      0x38b ./Core/Src/FSM_automatic.o
 .debug_macro   0x0000038b      0xaa8 ./Core/Src/FSM_automatic.o
 .debug_macro   0x00000e33      0x21b ./Core/Src/FSM_automatic.o
 .debug_macro   0x0000104e       0x2e ./Core/Src/FSM_automatic.o
 .debug_macro   0x0000107c       0x22 ./Core/Src/FSM_automatic.o
 .debug_macro   0x0000109e       0x22 ./Core/Src/FSM_automatic.o
 .debug_macro   0x000010c0       0x8e ./Core/Src/FSM_automatic.o
 .debug_macro   0x0000114e       0x51 ./Core/Src/FSM_automatic.o
 .debug_macro   0x0000119f      0x103 ./Core/Src/FSM_automatic.o
 .debug_macro   0x000012a2       0x6a ./Core/Src/FSM_automatic.o
 .debug_macro   0x0000130c      0x1df ./Core/Src/FSM_automatic.o
 .debug_macro   0x000014eb       0x1c ./Core/Src/FSM_automatic.o
 .debug_macro   0x00001507       0x22 ./Core/Src/FSM_automatic.o
 .debug_macro   0x00001529       0xbd ./Core/Src/FSM_automatic.o
 .debug_macro   0x000015e6      0xd23 ./Core/Src/FSM_automatic.o
 .debug_macro   0x00002309     0xe09e ./Core/Src/FSM_automatic.o
 .debug_macro   0x000103a7       0x6d ./Core/Src/FSM_automatic.o
 .debug_macro   0x00010414     0x34a2 ./Core/Src/FSM_automatic.o
 .debug_macro   0x000138b6      0x189 ./Core/Src/FSM_automatic.o
 .debug_macro   0x00013a3f       0x5c ./Core/Src/FSM_automatic.o
 .debug_macro   0x00013a9b      0x5bc ./Core/Src/FSM_automatic.o
 .debug_macro   0x00014057      0x289 ./Core/Src/FSM_automatic.o
 .debug_macro   0x000142e0      0x1cb ./Core/Src/FSM_automatic.o
 .debug_macro   0x000144ab      0x114 ./Core/Src/FSM_automatic.o
 .debug_macro   0x000145bf      0x1b2 ./Core/Src/FSM_automatic.o
 .debug_macro   0x00014771       0x27 ./Core/Src/FSM_automatic.o
 .debug_macro   0x00014798      0x136 ./Core/Src/FSM_automatic.o
 .debug_macro   0x000148ce      0x1bc ./Core/Src/FSM_automatic.o
 .debug_macro   0x00014a8a       0x34 ./Core/Src/FSM_automatic.o
 .debug_macro   0x00014abe       0x3c ./Core/Src/FSM_automatic.o
 .debug_macro   0x00014afa       0x57 ./Core/Src/FSM_automatic.o
 .debug_macro   0x00014b51       0x87 ./Core/Src/FSM_automatic.o
 .debug_macro   0x00014bd8      0x240 ./Core/Src/FSM_automatic.o
 .debug_macro   0x00014e18      0x287 ./Core/Src/FSM_automatic.o
 .debug_macro   0x0001509f      0x140 ./Core/Src/FSM_automatic.o
 .debug_macro   0x000151df      0x8ed ./Core/Src/FSM_automatic.o
 .debug_macro   0x00015acc       0x83 ./Core/Src/FSM_automatic.o
 .debug_macro   0x00015b4f       0x61 ./Core/Src/FSM_automatic.o
 .debug_macro   0x00015bb0       0x24 ./Core/Src/FSM_automatic.o
 .debug_macro   0x00015bd4       0x43 ./Core/Src/FSM_automatic.o
 .debug_macro   0x00015c17       0x34 ./Core/Src/FSM_automatic.o
 .debug_macro   0x00015c4b       0x16 ./Core/Src/FSM_automatic.o
 .debug_macro   0x00015c61       0x35 ./Core/Src/FSM_automatic.o
 .debug_macro   0x00015c96      0x369 ./Core/Src/FSM_automatic.o
 .debug_macro   0x00015fff       0x10 ./Core/Src/FSM_automatic.o
 .debug_macro   0x0001600f       0x16 ./Core/Src/FSM_automatic.o
 .debug_macro   0x00016025       0x43 ./Core/Src/FSM_automatic.o
 .debug_macro   0x00016068       0x34 ./Core/Src/FSM_automatic.o
 .debug_macro   0x0001609c       0x10 ./Core/Src/FSM_automatic.o
 .debug_macro   0x000160ac       0x58 ./Core/Src/FSM_automatic.o
 .debug_macro   0x00016104       0x8e ./Core/Src/FSM_automatic.o
 .debug_macro   0x00016192       0x1c ./Core/Src/FSM_automatic.o
 .debug_macro   0x000161ae      0x177 ./Core/Src/FSM_automatic.o
 .debug_macro   0x00016325       0x16 ./Core/Src/FSM_automatic.o
 .debug_macro   0x0001633b       0x16 ./Core/Src/FSM_automatic.o
 .debug_macro   0x00016351      0x146 ./Core/Src/FSM_automatic.o
 .debug_macro   0x00016497      0x19b ./Core/Src/FSM_automatic.o
 .debug_macro   0x00016632       0x16 ./Core/Src/FSM_automatic.o
 .debug_macro   0x00016648       0x16 ./Core/Src/FSM_automatic.o
 .debug_macro   0x0001665e       0x29 ./Core/Src/FSM_automatic.o
 .debug_macro   0x00016687       0x22 ./Core/Src/FSM_automatic.o
 .debug_macro   0x000166a9       0x7c ./Core/Src/FSM_automatic.o
 .debug_macro   0x00016725       0x17 ./Core/Src/FSM_automatic.o
 .debug_macro   0x0001673c      0x118 ./Core/Src/FSM_automatic.o
 .debug_macro   0x00016854       0x70 ./Core/Src/FSM_automatic.o
 .debug_macro   0x000168c4       0x16 ./Core/Src/FSM_automatic.o
 .debug_macro   0x000168da       0x22 ./Core/Src/FSM_automatic.o
 .debug_macro   0x000168fc       0x16 ./Core/Src/FSM_automatic.o
 .debug_macro   0x00016912       0x20 ./Core/Src/FSM_automatic.o
 .debug_macro   0x00016932       0x46 ./Core/Src/FSM_automatic.o
 .debug_macro   0x00016978      0x387 ./Core/Src/FSM_manual.o
 .debug_macro   0x00016cff      0x381 ./Core/Src/button.o
 .debug_macro   0x00017080      0x354 ./Core/Src/displayLCD.o
 .debug_macro   0x000173d4      0x37d ./Core/Src/global.o
 .debug_macro   0x00017751      0x320 ./Core/Src/i2c-lcd.o
 .debug_macro   0x00017a71      0x3ab ./Core/Src/main.o
 .debug_macro   0x00017e1c      0x387 ./Core/Src/scheduler.o
 .debug_macro   0x000181a3      0x316 ./Core/Src/stm32f1xx_hal_msp.o
 .debug_macro   0x000184b9      0x320 ./Core/Src/stm32f1xx_it.o
 .debug_macro   0x000187d9       0xff ./Core/Src/sysmem.o
 .debug_macro   0x000188d8      0x23c ./Core/Src/sysmem.o
 .debug_macro   0x00018b14      0x1a3 ./Core/Src/system_stm32f1xx.o
 .debug_macro   0x00018cb7      0x325 ./Core/Src/time_set.o
 .debug_macro   0x00018fdc       0x10 ./Core/Src/time_set.o
 .debug_macro   0x00018fec      0x1c7 ./Drivers/STM32F1xx_HAL_Driver/Src/stm32f1xx_hal.o
 .debug_macro   0x000191b3      0x1a3 ./Drivers/STM32F1xx_HAL_Driver/Src/stm32f1xx_hal_cortex.o
 .debug_macro   0x00019356      0x1a3 ./Drivers/STM32F1xx_HAL_Driver/Src/stm32f1xx_hal_dma.o
 .debug_macro   0x000194f9      0x20e ./Drivers/STM32F1xx_HAL_Driver/Src/stm32f1xx_hal_gpio.o
 .debug_macro   0x00019707      0x1f1 ./Drivers/STM32F1xx_HAL_Driver/Src/stm32f1xx_hal_i2c.o
 .debug_macro   0x000198f8      0x1b5 ./Drivers/STM32F1xx_HAL_Driver/Src/stm32f1xx_hal_rcc.o
 .debug_macro   0x00019aad      0x1a4 ./Drivers/STM32F1xx_HAL_Driver/Src/stm32f1xx_hal_tim.o
 .debug_macro   0x00019c51      0x1a3 ./Drivers/STM32F1xx_HAL_Driver/Src/stm32f1xx_hal_tim_ex.o

.debug_line     0x00000000    0x15621
 .debug_line    0x00000000      0xbc4 ./Core/Src/FSM_automatic.o
 .debug_line    0x00000bc4      0xc1a ./Core/Src/FSM_manual.o
 .debug_line    0x000017de      0xd0d ./Core/Src/button.o
 .debug_line    0x000024eb      0xb34 ./Core/Src/displayLCD.o
 .debug_line    0x0000301f      0xb16 ./Core/Src/global.o
 .debug_line    0x00003b35      0xb84 ./Core/Src/i2c-lcd.o
 .debug_line    0x000046b9      0xcbc ./Core/Src/main.o
 .debug_line    0x00005375      0xda9 ./Core/Src/scheduler.o
 .debug_line    0x0000611e      0xb15 ./Core/Src/stm32f1xx_hal_msp.o
 .debug_line    0x00006c33      0xb92 ./Core/Src/stm32f1xx_it.o
 .debug_line    0x000077c5      0x672 ./Core/Src/sysmem.o
 .debug_line    0x00007e37      0x77a ./Core/Src/system_stm32f1xx.o
 .debug_line    0x000085b1      0xac8 ./Core/Src/time_set.o
 .debug_line    0x00009079       0x78 ./Core/Startup/startup_stm32f103rbtx.o
 .debug_line    0x000090f1      0x9a7 ./Drivers/STM32F1xx_HAL_Driver/Src/stm32f1xx_hal.o
 .debug_line    0x00009a98      0xb93 ./Drivers/STM32F1xx_HAL_Driver/Src/stm32f1xx_hal_cortex.o
 .debug_line    0x0000a62b      0xe00 ./Drivers/STM32F1xx_HAL_Driver/Src/stm32f1xx_hal_dma.o
 .debug_line    0x0000b42b      0xa40 ./Drivers/STM32F1xx_HAL_Driver/Src/stm32f1xx_hal_gpio.o
 .debug_line    0x0000be6b     0x3c44 ./Drivers/STM32F1xx_HAL_Driver/Src/stm32f1xx_hal_i2c.o
 .debug_line    0x0000faaf      0xdb0 ./Drivers/STM32F1xx_HAL_Driver/Src/stm32f1xx_hal_rcc.o
 .debug_line    0x0001085f     0x34cc ./Drivers/STM32F1xx_HAL_Driver/Src/stm32f1xx_hal_tim.o
 .debug_line    0x00013d2b     0x18f6 ./Drivers/STM32F1xx_HAL_Driver/Src/stm32f1xx_hal_tim_ex.o

.debug_str      0x00000000    0x8baf3
 .debug_str     0x00000000    0x87859 ./Core/Src/FSM_automatic.o
                              0x87c40 (size before relaxing)
 .debug_str     0x00087859       0x63 ./Core/Src/FSM_manual.o
                              0x87c39 (size before relaxing)
 .debug_str     0x000878bc       0xb4 ./Core/Src/button.o
                              0x87c3c (size before relaxing)
 .debug_str     0x00087970       0x6f ./Core/Src/displayLCD.o
                              0x87a47 (size before relaxing)
 .debug_str     0x000879df       0x3e ./Core/Src/global.o
                              0x87bfa (size before relaxing)
 .debug_str     0x00087a1d      0x4c8 ./Core/Src/i2c-lcd.o
                              0x87ed7 (size before relaxing)
 .debug_str     0x00087ee5      0x61b ./Core/Src/main.o
                              0x8873b (size before relaxing)
 .debug_str     0x00088500       0xca ./Core/Src/scheduler.o
                              0x87c3f (size before relaxing)
 .debug_str     0x000885ca      0x371 ./Core/Src/stm32f1xx_hal_msp.o
                              0x88532 (size before relaxing)
 .debug_str     0x0008893b      0x13e ./Core/Src/stm32f1xx_it.o
                              0x88203 (size before relaxing)
 .debug_str     0x00088a79      0x4dc ./Core/Src/sysmem.o
                               0x605a (size before relaxing)
 .debug_str     0x00088f55       0x7e ./Core/Src/system_stm32f1xx.o
                              0x8339f (size before relaxing)
 .debug_str     0x00088fd3       0x25 ./Core/Src/time_set.o
                              0x879ce (size before relaxing)
 .debug_str     0x00088ff8       0x44 ./Core/Startup/startup_stm32f103rbtx.o
                                 0x65 (size before relaxing)
 .debug_str     0x0008903c      0x384 ./Drivers/STM32F1xx_HAL_Driver/Src/stm32f1xx_hal.o
                              0x83ad2 (size before relaxing)
 .debug_str     0x000893c0      0x294 ./Drivers/STM32F1xx_HAL_Driver/Src/stm32f1xx_hal_cortex.o
                              0x83a1e (size before relaxing)
 .debug_str     0x00089654      0x235 ./Drivers/STM32F1xx_HAL_Driver/Src/stm32f1xx_hal_dma.o
                              0x83748 (size before relaxing)
 .debug_str     0x00089889      0x2bd ./Drivers/STM32F1xx_HAL_Driver/Src/stm32f1xx_hal_gpio.o
                              0x83725 (size before relaxing)
 .debug_str     0x00089b46      0xb64 ./Drivers/STM32F1xx_HAL_Driver/Src/stm32f1xx_hal_i2c.o
                              0x84466 (size before relaxing)
 .debug_str     0x0008a6aa      0x209 ./Drivers/STM32F1xx_HAL_Driver/Src/stm32f1xx_hal_rcc.o
                              0x837ce (size before relaxing)
 .debug_str     0x0008a8b3      0xdad ./Drivers/STM32F1xx_HAL_Driver/Src/stm32f1xx_hal_tim.o
                              0x847d0 (size before relaxing)
 .debug_str     0x0008b660      0x493 ./Drivers/STM32F1xx_HAL_Driver/Src/stm32f1xx_hal_tim_ex.o
                              0x83fdc (size before relaxing)

.comment        0x00000000       0x43
 .comment       0x00000000       0x43 ./Core/Src/FSM_automatic.o
                                 0x44 (size before relaxing)
 .comment       0x00000043       0x44 ./Core/Src/FSM_manual.o
 .comment       0x00000043       0x44 ./Core/Src/button.o
 .comment       0x00000043       0x44 ./Core/Src/displayLCD.o
 .comment       0x00000043       0x44 ./Core/Src/global.o
 .comment       0x00000043       0x44 ./Core/Src/i2c-lcd.o
 .comment       0x00000043       0x44 ./Core/Src/main.o
 .comment       0x00000043       0x44 ./Core/Src/scheduler.o
 .comment       0x00000043       0x44 ./Core/Src/stm32f1xx_hal_msp.o
 .comment       0x00000043       0x44 ./Core/Src/stm32f1xx_it.o
 .comment       0x00000043       0x44 ./Core/Src/sysmem.o
 .comment       0x00000043       0x44 ./Core/Src/system_stm32f1xx.o
 .comment       0x00000043       0x44 ./Core/Src/time_set.o
 .comment       0x00000043       0x44 ./Drivers/STM32F1xx_HAL_Driver/Src/stm32f1xx_hal.o
 .comment       0x00000043       0x44 ./Drivers/STM32F1xx_HAL_Driver/Src/stm32f1xx_hal_cortex.o
 .comment       0x00000043       0x44 ./Drivers/STM32F1xx_HAL_Driver/Src/stm32f1xx_hal_dma.o
 .comment       0x00000043       0x44 ./Drivers/STM32F1xx_HAL_Driver/Src/stm32f1xx_hal_gpio.o
 .comment       0x00000043       0x44 ./Drivers/STM32F1xx_HAL_Driver/Src/stm32f1xx_hal_i2c.o
 .comment       0x00000043       0x44 ./Drivers/STM32F1xx_HAL_Driver/Src/stm32f1xx_hal_rcc.o
 .comment       0x00000043       0x44 ./Drivers/STM32F1xx_HAL_Driver/Src/stm32f1xx_hal_tim.o
 .comment       0x00000043       0x44 ./Drivers/STM32F1xx_HAL_Driver/Src/stm32f1xx_hal_tim_ex.o

.debug_frame    0x00000000     0x3f7c
 .debug_frame   0x00000000       0x2c ./Core/Src/FSM_automatic.o
 .debug_frame   0x0000002c       0x4c ./Core/Src/FSM_manual.o
 .debug_frame   0x00000078      0x100 ./Core/Src/button.o
 .debug_frame   0x00000178       0x58 ./Core/Src/displayLCD.o
 .debug_frame   0x000001d0       0x48 ./Core/Src/global.o
 .debug_frame   0x00000218      0x104 ./Core/Src/i2c-lcd.o
 .debug_frame   0x0000031c       0xf0 ./Core/Src/main.o
 .debug_frame   0x0000040c      0x14c ./Core/Src/scheduler.o
 .debug_frame   0x00000558       0xc8 ./Core/Src/stm32f1xx_hal_msp.o
 .debug_frame   0x00000620      0x158 ./Core/Src/stm32f1xx_it.o
 .debug_frame   0x00000778       0x34 ./Core/Src/sysmem.o
 .debug_frame   0x000007ac       0x58 ./Core/Src/system_stm32f1xx.o
 .debug_frame   0x00000804       0x60 ./Core/Src/time_set.o
 .debug_frame   0x00000864      0x334 ./Drivers/STM32F1xx_HAL_Driver/Src/stm32f1xx_hal.o
 .debug_frame   0x00000b98      0x428 ./Drivers/STM32F1xx_HAL_Driver/Src/stm32f1xx_hal_cortex.o
 .debug_frame   0x00000fc0      0x208 ./Drivers/STM32F1xx_HAL_Driver/Src/stm32f1xx_hal_dma.o
 .debug_frame   0x000011c8      0x14c ./Drivers/STM32F1xx_HAL_Driver/Src/stm32f1xx_hal_gpio.o
 .debug_frame   0x00001314      0xc84 ./Drivers/STM32F1xx_HAL_Driver/Src/stm32f1xx_hal_i2c.o
 .debug_frame   0x00001f98      0x218 ./Drivers/STM32F1xx_HAL_Driver/Src/stm32f1xx_hal_rcc.o
 .debug_frame   0x000021b0     0x11b8 ./Drivers/STM32F1xx_HAL_Driver/Src/stm32f1xx_hal_tim.o
 .debug_frame   0x00003368      0x638 ./Drivers/STM32F1xx_HAL_Driver/Src/stm32f1xx_hal_tim_ex.o
 .debug_frame   0x000039a0       0x30 D:/STM32CubeIDE/STM32CubeIDE_1.16.0/STM32CubeIDE/plugins/com.st.stm32cube.ide.mcu.externaltools.gnu-tools-for-stm32.12.3.rel1.win32_1.0.200.202406191623/tools/bin/../lib/gcc/arm-none-eabi/12.3.1/../../../../arm-none-eabi/lib/thumb/v7-m/nofp\libc_nano.a(libc_a-malloc.o)
 .debug_frame   0x000039d0       0x50 D:/STM32CubeIDE/STM32CubeIDE_1.16.0/STM32CubeIDE/plugins/com.st.stm32cube.ide.mcu.externaltools.gnu-tools-for-stm32.12.3.rel1.win32_1.0.200.202406191623/tools/bin/../lib/gcc/arm-none-eabi/12.3.1/../../../../arm-none-eabi/lib/thumb/v7-m/nofp\libc_nano.a(libc_a-mallocr.o)
 .debug_frame   0x00003a20       0x30 D:/STM32CubeIDE/STM32CubeIDE_1.16.0/STM32CubeIDE/plugins/com.st.stm32cube.ide.mcu.externaltools.gnu-tools-for-stm32.12.3.rel1.win32_1.0.200.202406191623/tools/bin/../lib/gcc/arm-none-eabi/12.3.1/../../../../arm-none-eabi/lib/thumb/v7-m/nofp\libc_nano.a(libc_a-mlock.o)
 .debug_frame   0x00003a50      0x144 D:/STM32CubeIDE/STM32CubeIDE_1.16.0/STM32CubeIDE/plugins/com.st.stm32cube.ide.mcu.externaltools.gnu-tools-for-stm32.12.3.rel1.win32_1.0.200.202406191623/tools/bin/../lib/gcc/arm-none-eabi/12.3.1/../../../../arm-none-eabi/lib/thumb/v7-m/nofp\libc_nano.a(libc_a-findfp.o)
 .debug_frame   0x00003b94       0x6c D:/STM32CubeIDE/STM32CubeIDE_1.16.0/STM32CubeIDE/plugins/com.st.stm32cube.ide.mcu.externaltools.gnu-tools-for-stm32.12.3.rel1.win32_1.0.200.202406191623/tools/bin/../lib/gcc/arm-none-eabi/12.3.1/../../../../arm-none-eabi/lib/thumb/v7-m/nofp\libc_nano.a(libc_a-sprintf.o)
 .debug_frame   0x00003c00       0x20 D:/STM32CubeIDE/STM32CubeIDE_1.16.0/STM32CubeIDE/plugins/com.st.stm32cube.ide.mcu.externaltools.gnu-tools-for-stm32.12.3.rel1.win32_1.0.200.202406191623/tools/bin/../lib/gcc/arm-none-eabi/12.3.1/../../../../arm-none-eabi/lib/thumb/v7-m/nofp\libc_nano.a(libc_a-memset.o)
 .debug_frame   0x00003c20       0x38 D:/STM32CubeIDE/STM32CubeIDE_1.16.0/STM32CubeIDE/plugins/com.st.stm32cube.ide.mcu.externaltools.gnu-tools-for-stm32.12.3.rel1.win32_1.0.200.202406191623/tools/bin/../lib/gcc/arm-none-eabi/12.3.1/../../../../arm-none-eabi/lib/thumb/v7-m/nofp\libc_nano.a(libc_a-reent.o)
 .debug_frame   0x00003c58       0x2c D:/STM32CubeIDE/STM32CubeIDE_1.16.0/STM32CubeIDE/plugins/com.st.stm32cube.ide.mcu.externaltools.gnu-tools-for-stm32.12.3.rel1.win32_1.0.200.202406191623/tools/bin/../lib/gcc/arm-none-eabi/12.3.1/../../../../arm-none-eabi/lib/thumb/v7-m/nofp\libc_nano.a(libc_a-sbrkr.o)
 .debug_frame   0x00003c84       0x20 D:/STM32CubeIDE/STM32CubeIDE_1.16.0/STM32CubeIDE/plugins/com.st.stm32cube.ide.mcu.externaltools.gnu-tools-for-stm32.12.3.rel1.win32_1.0.200.202406191623/tools/bin/../lib/gcc/arm-none-eabi/12.3.1/../../../../arm-none-eabi/lib/thumb/v7-m/nofp\libc_nano.a(libc_a-errno.o)
 .debug_frame   0x00003ca4       0x2c D:/STM32CubeIDE/STM32CubeIDE_1.16.0/STM32CubeIDE/plugins/com.st.stm32cube.ide.mcu.externaltools.gnu-tools-for-stm32.12.3.rel1.win32_1.0.200.202406191623/tools/bin/../lib/gcc/arm-none-eabi/12.3.1/../../../../arm-none-eabi/lib/thumb/v7-m/nofp\libc_nano.a(libc_a-init.o)
 .debug_frame   0x00003cd0       0xb0 D:/STM32CubeIDE/STM32CubeIDE_1.16.0/STM32CubeIDE/plugins/com.st.stm32cube.ide.mcu.externaltools.gnu-tools-for-stm32.12.3.rel1.win32_1.0.200.202406191623/tools/bin/../lib/gcc/arm-none-eabi/12.3.1/../../../../arm-none-eabi/lib/thumb/v7-m/nofp\libc_nano.a(libc_a-lock.o)
 .debug_frame   0x00003d80       0x38 D:/STM32CubeIDE/STM32CubeIDE_1.16.0/STM32CubeIDE/plugins/com.st.stm32cube.ide.mcu.externaltools.gnu-tools-for-stm32.12.3.rel1.win32_1.0.200.202406191623/tools/bin/../lib/gcc/arm-none-eabi/12.3.1/../../../../arm-none-eabi/lib/thumb/v7-m/nofp\libc_nano.a(libc_a-freer.o)
 .debug_frame   0x00003db8       0x90 D:/STM32CubeIDE/STM32CubeIDE_1.16.0/STM32CubeIDE/plugins/com.st.stm32cube.ide.mcu.externaltools.gnu-tools-for-stm32.12.3.rel1.win32_1.0.200.202406191623/tools/bin/../lib/gcc/arm-none-eabi/12.3.1/../../../../arm-none-eabi/lib/thumb/v7-m/nofp\libc_nano.a(libc_a-nano-svfprintf.o)
 .debug_frame   0x00003e48       0x60 D:/STM32CubeIDE/STM32CubeIDE_1.16.0/STM32CubeIDE/plugins/com.st.stm32cube.ide.mcu.externaltools.gnu-tools-for-stm32.12.3.rel1.win32_1.0.200.202406191623/tools/bin/../lib/gcc/arm-none-eabi/12.3.1/../../../../arm-none-eabi/lib/thumb/v7-m/nofp\libc_nano.a(libc_a-nano-vfprintf_i.o)
 .debug_frame   0x00003ea8       0x28 D:/STM32CubeIDE/STM32CubeIDE_1.16.0/STM32CubeIDE/plugins/com.st.stm32cube.ide.mcu.externaltools.gnu-tools-for-stm32.12.3.rel1.win32_1.0.200.202406191623/tools/bin/../lib/gcc/arm-none-eabi/12.3.1/../../../../arm-none-eabi/lib/thumb/v7-m/nofp\libc_nano.a(libc_a-memmove.o)
 .debug_frame   0x00003ed0       0x28 D:/STM32CubeIDE/STM32CubeIDE_1.16.0/STM32CubeIDE/plugins/com.st.stm32cube.ide.mcu.externaltools.gnu-tools-for-stm32.12.3.rel1.win32_1.0.200.202406191623/tools/bin/../lib/gcc/arm-none-eabi/12.3.1/../../../../arm-none-eabi/lib/thumb/v7-m/nofp\libc_nano.a(libc_a-memchr-stub.o)
 .debug_frame   0x00003ef8       0x28 D:/STM32CubeIDE/STM32CubeIDE_1.16.0/STM32CubeIDE/plugins/com.st.stm32cube.ide.mcu.externaltools.gnu-tools-for-stm32.12.3.rel1.win32_1.0.200.202406191623/tools/bin/../lib/gcc/arm-none-eabi/12.3.1/../../../../arm-none-eabi/lib/thumb/v7-m/nofp\libc_nano.a(libc_a-memcpy-stub.o)
 .debug_frame   0x00003f20       0x3c D:/STM32CubeIDE/STM32CubeIDE_1.16.0/STM32CubeIDE/plugins/com.st.stm32cube.ide.mcu.externaltools.gnu-tools-for-stm32.12.3.rel1.win32_1.0.200.202406191623/tools/bin/../lib/gcc/arm-none-eabi/12.3.1/../../../../arm-none-eabi/lib/thumb/v7-m/nofp\libc_nano.a(libc_a-reallocr.o)
 .debug_frame   0x00003f5c       0x20 D:/STM32CubeIDE/STM32CubeIDE_1.16.0/STM32CubeIDE/plugins/com.st.stm32cube.ide.mcu.externaltools.gnu-tools-for-stm32.12.3.rel1.win32_1.0.200.202406191623/tools/bin/../lib/gcc/arm-none-eabi/12.3.1/../../../../arm-none-eabi/lib/thumb/v7-m/nofp\libc_nano.a(libc_a-msizer.o)

.debug_line_str
                0x00000000       0x49
 .debug_line_str
                0x00000000       0x49 ./Core/Startup/startup_stm32f103rbtx.o
